Archive member included to satisfy reference by file (symbol)

/usr/bin/../lib/gcc/arm-none-eabi/7.3.1/thumb/v7-m/libgcc.a(_aeabi_ldivmod.o)
                              obj_zoul/spi-legacy.o (__aeabi_ldivmod)
/usr/bin/../lib/gcc/arm-none-eabi/7.3.1/thumb/v7-m/libgcc.a(_aeabi_uldivmod.o)
                              obj_zoul/spi-legacy.o (__aeabi_uldivmod)
/usr/bin/../lib/gcc/arm-none-eabi/7.3.1/thumb/v7-m/libgcc.a(_udivmoddi4.o)
                              /usr/bin/../lib/gcc/arm-none-eabi/7.3.1/thumb/v7-m/libgcc.a(_aeabi_ldivmod.o) (__udivmoddi4)
/usr/bin/../lib/gcc/arm-none-eabi/7.3.1/thumb/v7-m/libgcc.a(_dvmd_tls.o)
                              /usr/bin/../lib/gcc/arm-none-eabi/7.3.1/thumb/v7-m/libgcc.a(_aeabi_ldivmod.o) (__aeabi_ldiv0)
/usr/bin/../lib/gcc/arm-none-eabi/7.3.1/../../../../arm-none-eabi/lib/thumb/v7-m/libc.a(lib_a-locale.o)
                              obj_zoul/resolv.o (__locale_ctype_ptr)
/usr/bin/../lib/gcc/arm-none-eabi/7.3.1/../../../../arm-none-eabi/lib/thumb/v7-m/libc.a(lib_a-malloc.o)
                              obj_zoul/syscall.o (malloc)
/usr/bin/../lib/gcc/arm-none-eabi/7.3.1/../../../../arm-none-eabi/lib/thumb/v7-m/libc.a(lib_a-mallocr.o)
                              /usr/bin/../lib/gcc/arm-none-eabi/7.3.1/../../../../arm-none-eabi/lib/thumb/v7-m/libc.a(lib_a-malloc.o) (_malloc_r)
/usr/bin/../lib/gcc/arm-none-eabi/7.3.1/../../../../arm-none-eabi/lib/thumb/v7-m/libc.a(lib_a-mbtowc_r.o)
                              /usr/bin/../lib/gcc/arm-none-eabi/7.3.1/../../../../arm-none-eabi/lib/thumb/v7-m/libc.a(lib_a-locale.o) (__ascii_mbtowc)
/usr/bin/../lib/gcc/arm-none-eabi/7.3.1/../../../../arm-none-eabi/lib/thumb/v7-m/libc.a(lib_a-memcmp.o)
                              obj_zoul/linkaddr.o (memcmp)
/usr/bin/../lib/gcc/arm-none-eabi/7.3.1/../../../../arm-none-eabi/lib/thumb/v7-m/libc.a(lib_a-memcpy.o)
                              obj_zoul/ecc-algorithm.o (memcpy)
/usr/bin/../lib/gcc/arm-none-eabi/7.3.1/../../../../arm-none-eabi/lib/thumb/v7-m/libc.a(lib_a-memmove.o)
                              obj_zoul/uip-icmp6.o (memmove)
/usr/bin/../lib/gcc/arm-none-eabi/7.3.1/../../../../arm-none-eabi/lib/thumb/v7-m/libc.a(lib_a-memset.o)
                              obj_zoul/udma.o (memset)
/usr/bin/../lib/gcc/arm-none-eabi/7.3.1/../../../../arm-none-eabi/lib/thumb/v7-m/libc.a(lib_a-mlock.o)
                              /usr/bin/../lib/gcc/arm-none-eabi/7.3.1/../../../../arm-none-eabi/lib/thumb/v7-m/libc.a(lib_a-mallocr.o) (__malloc_lock)
/usr/bin/../lib/gcc/arm-none-eabi/7.3.1/../../../../arm-none-eabi/lib/thumb/v7-m/libc.a(lib_a-reent.o)
                              obj_zoul/syscalls.o (errno)
/usr/bin/../lib/gcc/arm-none-eabi/7.3.1/../../../../arm-none-eabi/lib/thumb/v7-m/libc.a(lib_a-sbrkr.o)
                              /usr/bin/../lib/gcc/arm-none-eabi/7.3.1/../../../../arm-none-eabi/lib/thumb/v7-m/libc.a(lib_a-mallocr.o) (_sbrk_r)
/usr/bin/../lib/gcc/arm-none-eabi/7.3.1/../../../../arm-none-eabi/lib/thumb/v7-m/libc.a(lib_a-strcasecmp.o)
                              obj_zoul/resolv.o (strcasecmp)
/usr/bin/../lib/gcc/arm-none-eabi/7.3.1/../../../../arm-none-eabi/lib/thumb/v7-m/libc.a(lib_a-strcmp.o)
                              obj_zoul/cfs-coffee.o (strcmp)
/usr/bin/../lib/gcc/arm-none-eabi/7.3.1/../../../../arm-none-eabi/lib/thumb/v7-m/libc.a(lib_a-strlen-stub.o)
                              obj_zoul/sensors.o (strlen)
/usr/bin/../lib/gcc/arm-none-eabi/7.3.1/../../../../arm-none-eabi/lib/thumb/v7-m/libc.a(lib_a-strncasecmp.o)
                              obj_zoul/resolv.o (strncasecmp)
/usr/bin/../lib/gcc/arm-none-eabi/7.3.1/../../../../arm-none-eabi/lib/thumb/v7-m/libc.a(lib_a-strncat.o)
                              obj_zoul/resolv.o (strncat)
/usr/bin/../lib/gcc/arm-none-eabi/7.3.1/../../../../arm-none-eabi/lib/thumb/v7-m/libc.a(lib_a-strncmp.o)
                              obj_zoul/sensors.o (strncmp)
/usr/bin/../lib/gcc/arm-none-eabi/7.3.1/../../../../arm-none-eabi/lib/thumb/v7-m/libc.a(lib_a-strncpy.o)
                              obj_zoul/cfs-coffee.o (strncpy)
/usr/bin/../lib/gcc/arm-none-eabi/7.3.1/../../../../arm-none-eabi/lib/thumb/v7-m/libc.a(lib_a-wctomb_r.o)
                              /usr/bin/../lib/gcc/arm-none-eabi/7.3.1/../../../../arm-none-eabi/lib/thumb/v7-m/libc.a(lib_a-locale.o) (__ascii_wctomb)
/usr/bin/../lib/gcc/arm-none-eabi/7.3.1/../../../../arm-none-eabi/lib/thumb/v7-m/libc.a(lib_a-ctype_.o)
                              /usr/bin/../lib/gcc/arm-none-eabi/7.3.1/../../../../arm-none-eabi/lib/thumb/v7-m/libc.a(lib_a-locale.o) (_ctype_)
/usr/bin/../lib/gcc/arm-none-eabi/7.3.1/../../../../arm-none-eabi/lib/thumb/v7-m/libc.a(lib_a-freer.o)
                              /usr/bin/../lib/gcc/arm-none-eabi/7.3.1/../../../../arm-none-eabi/lib/thumb/v7-m/libc.a(lib_a-malloc.o) (_free_r)
/usr/bin/../lib/gcc/arm-none-eabi/7.3.1/../../../../arm-none-eabi/lib/thumb/v7-m/libc.a(lib_a-impure.o)
[...]
Memory Configuration

Name             Origin             Length             Attributes
FLASH_FW         0x0000000000202000 0x000000000007dfd4 xr
FLASH_CCA        0x000000000027ffd4 0x000000000000002c xr
NRSRAM           0x0000000020000000 0x0000000000004000 xrw
FRSRAM           0x0000000020004000 0x0000000000004000 xrw
*default*        0x0000000000000000 0xffffffffffffffff

Linker script and memory map

LOAD obj_zoul/startup-gcc.o
LOAD obj_zoul/platform.o
LOAD obj_zoul/leds-arch.o
LOAD obj_zoul/leds.o
LOAD obj_zoul/cc1200-zoul-arch.o
LOAD obj_zoul/adc-zoul.o
LOAD obj_zoul/board-buttons.o
LOAD obj_zoul/zoul-sensors.o
LOAD obj_zoul/board.o
LOAD obj_zoul/antenna-sw.o
LOAD obj_zoul/mmc-arch.o
LOAD obj_zoul/rtcc.o
LOAD obj_zoul/power-mgmt.o
LOAD obj_zoul/soc.o
LOAD obj_zoul/clock.o
LOAD obj_zoul/rtimer-arch.o
LOAD obj_zoul/uart.o
LOAD obj_zoul/watchdog.o
LOAD obj_zoul/nvic.o
LOAD obj_zoul/sys-ctrl.o
LOAD obj_zoul/gpio.o
LOAD obj_zoul/ioc.o
LOAD obj_zoul/spi-legacy.o
LOAD obj_zoul/adc.o
LOAD obj_zoul/spi-arch.o
LOAD obj_zoul/crypto.o
LOAD obj_zoul/aes.o
LOAD obj_zoul/ecb.o
LOAD obj_zoul/cbc.o
LOAD obj_zoul/ctr.o
LOAD obj_zoul/cbc-mac.o
LOAD obj_zoul/gcm.o
LOAD obj_zoul/ccm.o
LOAD obj_zoul/sha256.o
LOAD obj_zoul/gpio-hal-arch.o
LOAD obj_zoul/cc2538-aes-128.o
LOAD obj_zoul/cc2538-ccm-star.o
LOAD obj_zoul/cc2538-rf.o
LOAD obj_zoul/udma.o
LOAD obj_zoul/lpm.o
LOAD obj_zoul/int-master.o
LOAD obj_zoul/pka.o
LOAD obj_zoul/bignum-driver.o
LOAD obj_zoul/ecc-driver.o
LOAD obj_zoul/ecc-algorithm.o
LOAD obj_zoul/ecc-curve.o
LOAD obj_zoul/dbg.o
LOAD obj_zoul/ieee-addr.o
LOAD obj_zoul/slip-arch.o
LOAD obj_zoul/slip.o
LOAD obj_zoul/i2c.o
LOAD obj_zoul/cc2538-temp-sensor.o
LOAD obj_zoul/vdd3-sensor.o
LOAD obj_zoul/cfs-coffee.o
LOAD obj_zoul/cfs-coffee-arch.o
LOAD obj_zoul/pwm.o
LOAD obj_zoul/usb-core.o
LOAD obj_zoul/cdc-acm.o
LOAD obj_zoul/usb-arch.o
LOAD obj_zoul/usb-serial.o
LOAD obj_zoul/cdc-acm-descriptors.o
LOAD obj_zoul/contiki-main.o
LOAD obj_zoul/autostart.o
LOAD obj_zoul/ctimer.o
LOAD obj_zoul/log.o
LOAD obj_zoul/energest.o
LOAD obj_zoul/etimer.o
LOAD obj_zoul/node-id.o
LOAD obj_zoul/mutex.o
LOAD obj_zoul/stimer.o
LOAD obj_zoul/compower.o
LOAD obj_zoul/process.o
LOAD obj_zoul/rtimer.o
LOAD obj_zoul/timer.o
LOAD obj_zoul/stack-check.o
LOAD obj_zoul/button-hal.o
LOAD obj_zoul/serial-line.o
LOAD obj_zoul/spi.o
LOAD obj_zoul/nullradio.o
LOAD obj_zoul/gpio-hal.o
LOAD obj_zoul/dbl-circ-list.o
LOAD obj_zoul/crc16.o
LOAD obj_zoul/ifft.o
LOAD obj_zoul/sensors.o
LOAD obj_zoul/ccm-star.o
LOAD obj_zoul/dbl-list.o
LOAD obj_zoul/ringbufindex.o
LOAD obj_zoul/list.o
LOAD obj_zoul/circular-list.o
LOAD obj_zoul/aes-128.o
LOAD obj_zoul/trickle-timer.o
LOAD obj_zoul/memb.o
LOAD obj_zoul/heapmem.o
LOAD obj_zoul/random.o
LOAD obj_zoul/assert.o
LOAD obj_zoul/ringbuf.o
LOAD obj_zoul/queuebuf.o
LOAD obj_zoul/nbr-table.o
LOAD obj_zoul/packetbuf.o
LOAD obj_zoul/netstack.o
LOAD obj_zoul/linkaddr.o
LOAD obj_zoul/net-debug.o
LOAD obj_zoul/link-stats.o
LOAD obj_zoul/mac-sequence.o
LOAD obj_zoul/mac.o
LOAD obj_zoul/frame802154e-ie.o
LOAD obj_zoul/framer-802154.o
LOAD obj_zoul/nullframer.o
LOAD obj_zoul/frame802154.o
LOAD obj_zoul/ff.o
LOAD obj_zoul/syscall.o
LOAD obj_zoul/unicode.o
LOAD obj_zoul/diskio.o
LOAD obj_zoul/mmc.o
LOAD obj_zoul/strformat.o
LOAD obj_zoul/printf.o
LOAD obj_zoul/sprintf.o
LOAD obj_zoul/snprintf.o
LOAD obj_zoul/puts.o
LOAD obj_zoul/putchar.o
LOAD obj_zoul/syscalls.o
LOAD obj_zoul/cc1200-868-fsk-1-2kbps.o
LOAD obj_zoul/cc1200-802154g-863-870-fsk-50kbps.o
LOAD obj_zoul/cc1200.o
LOAD obj_zoul/rgb-led.o
LOAD obj_zoul/csma.o
LOAD obj_zoul/csma-output.o
LOAD obj_zoul/uipbuf.o
LOAD obj_zoul/uip-icmp6.o
LOAD obj_zoul/uip-sr.o
LOAD obj_zoul/uip-ds6.o
LOAD obj_zoul/uip-packetqueue.o
LOAD obj_zoul/tcp-socket.o
LOAD obj_zoul/uiplib.o
LOAD obj_zoul/tcpip.o
LOAD obj_zoul/ip64-addr.o
LOAD obj_zoul/uip-udp-packet.o
LOAD obj_zoul/psock.o
LOAD obj_zoul/uip6.o
LOAD obj_zoul/resolv.o
LOAD obj_zoul/uip-ds6-nbr.o
LOAD obj_zoul/uip-nameserver.o
LOAD obj_zoul/uip-nd6.o
LOAD obj_zoul/udp-socket.o
LOAD obj_zoul/simple-udp.o
LOAD obj_zoul/uip-ds6-route.o
LOAD obj_zoul/sicslowpan.o
LOAD obj_zoul/rpl-icmp6.o
LOAD obj_zoul/rpl-of0.o
LOAD obj_zoul/rpl-neighbor.o
LOAD obj_zoul/rpl-dag.o
LOAD obj_zoul/rpl-timers.o
LOAD obj_zoul/rpl-ext-header.o
LOAD obj_zoul/rpl.o
LOAD obj_zoul/rpl-nbr-policy.o
LOAD obj_zoul/rpl-mrhof.o
LOAD obj_zoul/rpl-dag-root.o
LOAD sender.o
START GROUP
LOAD /usr/bin/../lib/gcc/arm-none-eabi/7.3.1/../../../../arm-none-eabi/lib/thumb/v7-m/libm.a
END GROUP
START GROUP
LOAD /usr/bin/../lib/gcc/arm-none-eabi/7.3.1/thumb/v7-m/libgcc.a
LOAD /usr/bin/../lib/gcc/arm-none-eabi/7.3.1/../../../../arm-none-eabi/lib/thumb/v7-m/libc.a
END GROUP

.text           0x0000000000202000     0x9d48
                0x0000000000202000                _text = .
 *(SORT_BY_ALIGNMENT(.vectors))
 .vectors       0x0000000000202000      0x28c obj_zoul/startup-gcc.o
                0x0000000000202000                vectors
 *(SORT_BY_ALIGNMENT(.text*))
 .text.reset_handler
                0x000000000020228c       0x40 obj_zoul/startup-gcc.o
                0x000000000020228c                reset_handler
 .text.platform_init_stage_two
                0x00000000002022cc       0x4c obj_zoul/platform.o
                0x00000000002022cc                platform_init_stage_two
 .text.platform_init_stage_three
                0x0000000000202318       0x8c obj_zoul/platform.o
                0x0000000000202318                platform_init_stage_three
 .text.leds_on  0x00000000002023a4       0x4c obj_zoul/leds.o
                0x00000000002023a4                leds_on
 .text.leds_off
                0x00000000002023f0       0x48 obj_zoul/leds.o
                0x00000000002023f0                leds_off
 .text.leds_init
                0x0000000000202438       0x48 obj_zoul/leds.o
                0x0000000000202438                leds_init
 .text.antenna_sw_config
                0x0000000000202480       0x30 obj_zoul/antenna-sw.o
                0x0000000000202480                antenna_sw_config
 .text.soc_get_rev
                0x00000000002024b0       0x18 obj_zoul/soc.o
                0x00000000002024b0                soc_get_rev
 .text.soc_print_info
                0x00000000002024c8       0x10 obj_zoul/soc.o
                0x00000000002024c8                soc_print_info
 .text.update_ticks
                0x00000000002024d8       0x58 obj_zoul/clock.o
 .text.clock_init
                0x0000000000202530       0x4c obj_zoul/clock.o
                0x0000000000202530                clock_init
 .text.clock_time
                0x000000000020257c       0x14 obj_zoul/clock.o
                0x000000000020257c                clock_time
 .text.clock_seconds
                0x0000000000202590       0x14 obj_zoul/clock.o
                0x0000000000202590                clock_seconds
 .text.clock_delay_usec
                0x00000000002025a4       0x1c obj_zoul/clock.o
                0x00000000002025a4                clock_delay_usec
 .text.clock_adjust
                0x00000000002025c0       0x20 obj_zoul/clock.o
                0x00000000002025c0                clock_adjust
 .text.rtimer_arch_next_trigger
                0x00000000002025e0        0xc obj_zoul/rtimer-arch.o
                0x00000000002025e0                rtimer_arch_next_trigger
 .text.rtimer_arch_now
                0x00000000002025ec       0x24 obj_zoul/rtimer-arch.o
                0x00000000002025ec                rtimer_arch_now
 .text.rtimer_arch_schedule
                0x0000000000202610       0x58 obj_zoul/rtimer-arch.o
                0x0000000000202610                rtimer_arch_schedule
 .text.rtimer_isr
                0x0000000000202668       0x2c obj_zoul/rtimer-arch.o
                0x0000000000202668                rtimer_isr
 .text.permit_pm1
                0x0000000000202694       0x24 obj_zoul/uart.o
 .text.uart_isr
                0x00000000002026b8       0x60 obj_zoul/uart.o
 .text.uart_init
                0x0000000000202718      0x198 obj_zoul/uart.o
                0x0000000000202718                uart_init
 .text.uart_set_input
                0x00000000002028b0       0x10 obj_zoul/uart.o
                0x00000000002028b0                uart_set_input
 .text.uart_write_byte
                0x00000000002028c0       0x1c obj_zoul/uart.o
                0x00000000002028c0                uart_write_byte
 .text.watchdog_init
                0x00000000002028dc        0xc obj_zoul/watchdog.o
                0x00000000002028dc                watchdog_init
 .text.watchdog_start
                0x00000000002028e8        0xc obj_zoul/watchdog.o
                0x00000000002028e8                watchdog_start
 .text.watchdog_periodic
                0x00000000002028f4       0x10 obj_zoul/watchdog.o
                0x00000000002028f4                watchdog_periodic
 .text.nvic_init
                0x0000000000202904       0x10 obj_zoul/nvic.o
                0x0000000000202904                nvic_init
 .text.sys_ctrl_init
                0x0000000000202914       0x74 obj_zoul/sys-ctrl.o
                0x0000000000202914                sys_ctrl_init
 .text.gpio_port_isr
                0x0000000000202988       0x48 obj_zoul/gpio.o
 .text.ioc_init
                0x00000000002029d0       0x1c obj_zoul/ioc.o
                0x00000000002029d0                ioc_init
 .text.ioc_set_over
                0x00000000002029ec       0x14 obj_zoul/ioc.o
                0x00000000002029ec                ioc_set_over
 .text.ioc_set_sel
                0x0000000000202a00       0x14 obj_zoul/ioc.o
                0x0000000000202a00                ioc_set_sel
 .text.adc_get  0x0000000000202a14       0x74 obj_zoul/adc.o
                0x0000000000202a14                adc_get
 .text.permit_pm1
                0x0000000000202a88       0x10 obj_zoul/crypto.o
 .text.crypto_isr
                0x0000000000202a98       0x28 obj_zoul/crypto.o
                0x0000000000202a98                crypto_isr
 .text.crypto_enable
                0x0000000000202ac0       0x20 obj_zoul/crypto.o
                0x0000000000202ac0                crypto_enable
 .text.crypto_init
                0x0000000000202ae0       0x3c obj_zoul/crypto.o
                0x0000000000202ae0                crypto_init
 .text.crypto_disable
                0x0000000000202b1c       0x20 obj_zoul/crypto.o
                0x0000000000202b1c                crypto_disable
 .text.gpio_hal_arch_pin_cfg_set
                0x0000000000202b3c       0xd8 obj_zoul/gpio-hal-arch.o
                0x0000000000202b3c                gpio_hal_arch_pin_cfg_set
 .text.off      0x0000000000202c14       0x40 obj_zoul/cc2538-rf.o
 .text.receiving_packet
                0x0000000000202c54       0x18 obj_zoul/cc2538-rf.o
 .text.pending_packet
                0x0000000000202c6c       0x10 obj_zoul/cc2538-rf.o
 .text.set_poll_mode
                0x0000000000202c7c       0x98 obj_zoul/cc2538-rf.o
 .text.on       0x0000000000202d14       0x2c obj_zoul/cc2538-rf.o
 .text.set_channel
                0x0000000000202d40       0x48 obj_zoul/cc2538-rf.o
 .text.get_value
                0x0000000000202d88      0x160 obj_zoul/cc2538-rf.o
 .text.channel_clear
                0x0000000000202ee8       0x3c obj_zoul/cc2538-rf.o
 .text.set_value
                0x0000000000202f24       0xf4 obj_zoul/cc2538-rf.o
 .text.prepare  0x0000000000203018       0x64 obj_zoul/cc2538-rf.o
 .text.transmit
                0x000000000020307c       0x9c obj_zoul/cc2538-rf.o
 .text.set_object
                0x0000000000203118       0x30 obj_zoul/cc2538-rf.o
 .text.read     0x0000000000203148       0xe4 obj_zoul/cc2538-rf.o
 .text.init     0x000000000020322c       0xc8 obj_zoul/cc2538-rf.o
 .text.process_thread_cc2538_rf_process
                0x00000000002032f4       0x90 obj_zoul/cc2538-rf.o
 .text.get_object
                0x0000000000203384      0x148 obj_zoul/cc2538-rf.o
 .text.cc2538_rf_rx_tx_isr
                0x00000000002034cc       0x24 obj_zoul/cc2538-rf.o
                0x00000000002034cc                cc2538_rf_rx_tx_isr
 .text.cc2538_rf_err_isr
                0x00000000002034f0       0x28 obj_zoul/cc2538-rf.o
                0x00000000002034f0                cc2538_rf_err_isr
 .text.udma_init
                0x0000000000203518       0x34 obj_zoul/udma.o
                0x0000000000203518                udma_init
 .text.udma_set_channel_src
                0x000000000020354c       0x10 obj_zoul/udma.o
                0x000000000020354c                udma_set_channel_src
 .text.udma_set_channel_dst
                0x000000000020355c       0x14 obj_zoul/udma.o
                0x000000000020355c                udma_set_channel_dst
 .text.udma_set_channel_control_word
                0x0000000000203570       0x14 obj_zoul/udma.o
                0x0000000000203570                udma_set_channel_control_word
 .text.udma_channel_enable
                0x0000000000203584       0x18 obj_zoul/udma.o
                0x0000000000203584                udma_channel_enable
 .text.udma_channel_mask_set
                0x000000000020359c       0x18 obj_zoul/udma.o
                0x000000000020359c                udma_channel_mask_set
 .text.udma_channel_sw_request
                0x00000000002035b4       0x18 obj_zoul/udma.o
                0x00000000002035b4                udma_channel_sw_request
 .text.udma_channel_get_mode
                0x00000000002035cc       0x1c obj_zoul/udma.o
                0x00000000002035cc                udma_channel_get_mode
 .text.udma_isr
                0x00000000002035e8       0x10 obj_zoul/udma.o
                0x00000000002035e8                udma_isr
 .text.udma_err_isr
                0x00000000002035f8        0xc obj_zoul/udma.o
                0x00000000002035f8                udma_err_isr
 .text.select_32_mhz_xosc
                0x0000000000203604       0x2c obj_zoul/lpm.o
 .text.lpm_exit
                0x0000000000203630       0x34 obj_zoul/lpm.o
                0x0000000000203630                lpm_exit
 .text.lpm_enter
                0x0000000000203664       0xb4 obj_zoul/lpm.o
                0x0000000000203664                lpm_enter
 .text.lpm_register_peripheral
                0x0000000000203718       0x20 obj_zoul/lpm.o
                0x0000000000203718                lpm_register_peripheral
 .text.lpm_init
                0x0000000000203738       0x24 obj_zoul/lpm.o
                0x0000000000203738                lpm_init
 .text.pka_isr  0x000000000020375c       0x28 obj_zoul/pka.o
                0x000000000020375c                pka_isr
 .text.ieee_addr_cpy_to
                0x0000000000203784       0x5c obj_zoul/ieee-addr.o
                0x0000000000203784                ieee_addr_cpy_to
 .text.startup.main
                0x00000000002037e0      0x1e8 obj_zoul/contiki-main.o
                0x00000000002037e0                main
 .text.process_thread_ctimer_process
                0x00000000002039c8       0x7c obj_zoul/ctimer.o
 .text.ctimer_init
                0x0000000000203a44       0x28 obj_zoul/ctimer.o
                0x0000000000203a44                ctimer_init
 .text.ctimer_set_with_process
                0x0000000000203a6c       0x44 obj_zoul/ctimer.o
                0x0000000000203a6c                ctimer_set_with_process
 .text.ctimer_set
                0x0000000000203ab0       0x14 obj_zoul/ctimer.o
                0x0000000000203ab0                ctimer_set
 .text.ctimer_reset
                0x0000000000203ac4       0x38 obj_zoul/ctimer.o
                0x0000000000203ac4                ctimer_reset
 .text.ctimer_stop
                0x0000000000203afc       0x2c obj_zoul/ctimer.o
                0x0000000000203afc                ctimer_stop
 .text.ctimer_expired
                0x0000000000203b28       0x34 obj_zoul/ctimer.o
                0x0000000000203b28                ctimer_expired
 .text.log_6addr
                0x0000000000203b5c       0x20 obj_zoul/log.o
                0x0000000000203b5c                log_6addr
 .text.log_lladdr
                0x0000000000203b7c       0x2c obj_zoul/log.o
                0x0000000000203b7c                log_lladdr
 .text.update_time
                0x0000000000203ba8       0x44 obj_zoul/etimer.o
 .text.etimer_request_poll
                0x0000000000203bec        0xc obj_zoul/etimer.o
                0x0000000000203bec                etimer_request_poll
 .text.process_thread_etimer_process
                0x0000000000203bf8       0xac obj_zoul/etimer.o
 .text.add_timer
                0x0000000000203ca4       0x40 obj_zoul/etimer.o
 .text.etimer_pending
                0x0000000000203ce4       0x10 obj_zoul/etimer.o
                0x0000000000203ce4                etimer_pending
 .text.etimer_stop
                0x0000000000203cf4       0x34 obj_zoul/etimer.o
                0x0000000000203cf4                etimer_stop
 .text.node_id_init
                0x0000000000203d28       0x18 obj_zoul/node-id.o
                0x0000000000203d28                node_id_init
 .text.stimer_expired
                0x0000000000203d40       0x20 obj_zoul/stimer.o
                0x0000000000203d40                stimer_expired
 .text.call_process.part.0
                0x0000000000203d60       0x38 obj_zoul/process.o
 .text.exit_process
                0x0000000000203d98       0x80 obj_zoul/process.o
 .text.do_poll  0x0000000000203e18       0x30 obj_zoul/process.o
 .text.process_alloc_event
                0x0000000000203e48       0x10 obj_zoul/process.o
                0x0000000000203e48                process_alloc_event
 .text.process_init
                0x0000000000203e58       0x30 obj_zoul/process.o
                0x0000000000203e58                process_init
 .text.process_run
                0x0000000000203e88       0x88 obj_zoul/process.o
                0x0000000000203e88                process_run
 .text.process_nevents
                0x0000000000203f10       0x14 obj_zoul/process.o
                0x0000000000203f10                process_nevents
 .text.process_post
                0x0000000000203f24       0x3c obj_zoul/process.o
                0x0000000000203f24                process_post
 .text.process_post_synch
                0x0000000000203f60       0x14 obj_zoul/process.o
                0x0000000000203f60                process_post_synch
 .text.process_start
                0x0000000000203f74       0x30 obj_zoul/process.o
                0x0000000000203f74                process_start
 .text.process_poll
                0x0000000000203fa4       0x18 obj_zoul/process.o
                0x0000000000203fa4                process_poll
 .text.rtimer_run_next
                0x0000000000203fbc       0x28 obj_zoul/rtimer.o
                0x0000000000203fbc                rtimer_run_next
 .text.stack_check_init
                0x0000000000203fe4       0x28 obj_zoul/stack-check.o
                0x0000000000203fe4                stack_check_init
 .text.stack_check_get_usage
                0x000000000020400c       0x40 obj_zoul/stack-check.o
                0x000000000020400c                stack_check_get_usage
 .text.process_thread_stack_check_process
                0x000000000020404c       0x84 obj_zoul/stack-check.o
 .text.duration_exceeded_callback
                0x00000000002040d0       0x34 obj_zoul/button-hal.o
 .text.process_thread_button_hal_process
                0x0000000000204104       0x78 obj_zoul/button-hal.o
 .text.press_release_handler
                0x000000000020417c       0x18 obj_zoul/button-hal.o
 .text.debounce_handler
                0x0000000000204194       0x64 obj_zoul/button-hal.o
 .text.button_hal_init
                0x00000000002041f8       0xf8 obj_zoul/button-hal.o
                0x00000000002041f8                button_hal_init
 .text.process_thread_serial_line_process
                0x00000000002042f0       0x98 obj_zoul/serial-line.o
 .text.serial_line_input_byte
                0x0000000000204388       0x48 obj_zoul/serial-line.o
                0x0000000000204388                serial_line_input_byte
 .text.serial_line_init
                0x00000000002043d0       0x24 obj_zoul/serial-line.o
                0x00000000002043d0                serial_line_init
 .text.gpio_hal_register_handler
                0x00000000002043f4        0xc obj_zoul/gpio-hal.o
                0x00000000002043f4                gpio_hal_register_handler
 .text.gpio_hal_event_handler
                0x0000000000204400       0x24 obj_zoul/gpio-hal.o
                0x0000000000204400                gpio_hal_event_handler
 .text.gpio_hal_init
                0x0000000000204424        0xc obj_zoul/gpio-hal.o
                0x0000000000204424                gpio_hal_init
 .text.process_thread_sensors_process
                0x0000000000204430       0xd4 obj_zoul/sensors.o
 .text.random_rand
                0x0000000000204504       0x24 obj_zoul/random.o
                0x0000000000204504                random_rand
 .text.random_init
                0x0000000000204528       0x78 obj_zoul/random.o
                0x0000000000204528                random_init
 .text.queuebuf_init
                0x00000000002045a0       0x1c obj_zoul/queuebuf.o
                0x00000000002045a0                queuebuf_init
 .text.queuebuf_numfree
                0x00000000002045bc        0xc obj_zoul/queuebuf.o
                0x00000000002045bc                queuebuf_numfree
 .text.queuebuf_new_from_packetbuf
                0x00000000002045c8       0x44 obj_zoul/queuebuf.o
                0x00000000002045c8                queuebuf_new_from_packetbuf
 .text.queuebuf_free
                0x000000000020460c       0x2c obj_zoul/queuebuf.o
                0x000000000020460c                queuebuf_free
 .text.queuebuf_to_packetbuf
                0x0000000000204638       0x30 obj_zoul/queuebuf.o
                0x0000000000204638                queuebuf_to_packetbuf
 .text.index_from_key
                0x0000000000204668       0x18 obj_zoul/nbr-table.o
 .text.index_from_lladdr
                0x0000000000204680       0x40 obj_zoul/nbr-table.o
 .text.nbr_get_bit.constprop.0
                0x00000000002046c0       0x24 obj_zoul/nbr-table.o
 .text.nbr_table_is_registered
                0x00000000002046e4       0x20 obj_zoul/nbr-table.o
                0x00000000002046e4                nbr_table_is_registered
 .text.nbr_table_register
                0x0000000000204704       0x30 obj_zoul/nbr-table.o
                0x0000000000204704                nbr_table_register
 .text.nbr_table_next
                0x0000000000204734       0x44 obj_zoul/nbr-table.o
                0x0000000000204734                nbr_table_next
 .text.nbr_table_head
                0x0000000000204778       0x38 obj_zoul/nbr-table.o
                0x0000000000204778                nbr_table_head
 .text.nbr_table_add_lladdr
                0x00000000002047b0      0x148 obj_zoul/nbr-table.o
                0x00000000002047b0                nbr_table_add_lladdr
 .text.nbr_table_remove
                0x00000000002048f8       0x2c obj_zoul/nbr-table.o
                0x00000000002048f8                nbr_table_remove
 .text.nbr_table_lock
                0x0000000000204924       0x10 obj_zoul/nbr-table.o
                0x0000000000204924                nbr_table_lock
 .text.nbr_table_unlock
                0x0000000000204934       0x10 obj_zoul/nbr-table.o
                0x0000000000204934                nbr_table_unlock
 .text.nbr_table_get_lladdr
                0x0000000000204944       0x20 obj_zoul/nbr-table.o
                0x0000000000204944                nbr_table_get_lladdr
 .text.packetbuf_hdrreduce
                0x0000000000204964       0x28 obj_zoul/packetbuf.o
                0x0000000000204964                packetbuf_hdrreduce
 .text.packetbuf_set_datalen
                0x000000000020498c        0xc obj_zoul/packetbuf.o
                0x000000000020498c                packetbuf_set_datalen
 .text.packetbuf_hdrptr
                0x0000000000204998        0x8 obj_zoul/packetbuf.o
                0x0000000000204998                packetbuf_hdrptr
 .text.packetbuf_datalen
                0x00000000002049a0        0xc obj_zoul/packetbuf.o
                0x00000000002049a0                packetbuf_datalen
 .text.packetbuf_hdrlen
                0x00000000002049ac       0x18 obj_zoul/packetbuf.o
                0x00000000002049ac                packetbuf_hdrlen
 .text.packetbuf_dataptr
                0x00000000002049c4       0x10 obj_zoul/packetbuf.o
                0x00000000002049c4                packetbuf_dataptr
 .text.packetbuf_copyto
                0x00000000002049d4       0x44 obj_zoul/packetbuf.o
                0x00000000002049d4                packetbuf_copyto
 .text.packetbuf_totlen
                0x0000000000204a18       0x14 obj_zoul/packetbuf.o
                0x0000000000204a18                packetbuf_totlen
 .text.packetbuf_hdralloc
                0x0000000000204a2c       0x3c obj_zoul/packetbuf.o
                0x0000000000204a2c                packetbuf_hdralloc
 .text.packetbuf_attr_clear
                0x0000000000204a68       0x30 obj_zoul/packetbuf.o
                0x0000000000204a68                packetbuf_attr_clear
 .text.packetbuf_clear
                0x0000000000204a98       0x20 obj_zoul/packetbuf.o
                0x0000000000204a98                packetbuf_clear
 .text.packetbuf_copyfrom
                0x0000000000204ab8       0x2c obj_zoul/packetbuf.o
                0x0000000000204ab8                packetbuf_copyfrom
 .text.packetbuf_attr_copyto
                0x0000000000204ae4       0x24 obj_zoul/packetbuf.o
                0x0000000000204ae4                packetbuf_attr_copyto
 .text.packetbuf_attr_copyfrom
                0x0000000000204b08       0x24 obj_zoul/packetbuf.o
                0x0000000000204b08                packetbuf_attr_copyfrom
 .text.packetbuf_set_attr
                0x0000000000204b2c       0x10 obj_zoul/packetbuf.o
                0x0000000000204b2c                packetbuf_set_attr
 .text.packetbuf_attr
                0x0000000000204b3c        0xc obj_zoul/packetbuf.o
                0x0000000000204b3c                packetbuf_attr
 .text.packetbuf_set_addr
                0x0000000000204b48       0x18 obj_zoul/packetbuf.o
                0x0000000000204b48                packetbuf_set_addr
 .text.packetbuf_addr
                0x0000000000204b60       0x10 obj_zoul/packetbuf.o
                0x0000000000204b60                packetbuf_addr
 .text.packetbuf_holds_broadcast
                0x0000000000204b70       0x10 obj_zoul/packetbuf.o
                0x0000000000204b70                packetbuf_holds_broadcast
 .text.netstack_process_ip_callback
                0x0000000000204b80       0x40 obj_zoul/netstack.o
                0x0000000000204b80                netstack_process_ip_callback
 .text.netstack_init
                0x0000000000204bc0       0x24 obj_zoul/netstack.o
                0x0000000000204bc0                netstack_init
 .text.linkaddr_set_node_addr
                0x0000000000204be4        0xc obj_zoul/linkaddr.o
                0x0000000000204be4                linkaddr_set_node_addr
 .text.periodic
                0x0000000000204bf0       0x2c obj_zoul/link-stats.o
 .text.link_stats_from_lladdr
                0x0000000000204c1c        0xc obj_zoul/link-stats.o
                0x0000000000204c1c                link_stats_from_lladdr
 .text.link_stats_packet_sent
                0x0000000000204c28       0x74 obj_zoul/link-stats.o
                0x0000000000204c28                link_stats_packet_sent
 .text.link_stats_input_callback
                0x0000000000204c9c       0x4c obj_zoul/link-stats.o
                0x0000000000204c9c                link_stats_input_callback
 .text.link_stats_reset
                0x0000000000204ce8       0x28 obj_zoul/link-stats.o
                0x0000000000204ce8                link_stats_reset
 .text.link_stats_init
                0x0000000000204d10       0x28 obj_zoul/link-stats.o
                0x0000000000204d10                link_stats_init
 .text.mac_sequence_is_duplicate
                0x0000000000204d38       0x50 obj_zoul/mac-sequence.o
                0x0000000000204d38                mac_sequence_is_duplicate
 .text.mac_sequence_register_seqno
                0x0000000000204d88       0x58 obj_zoul/mac-sequence.o
                0x0000000000204d88                mac_sequence_register_seqno
 .text.create_frame
                0x0000000000204de0       0xd0 obj_zoul/framer-802154.o
 .text.frame802154_get_pan_id
                0x0000000000204eb0        0xc obj_zoul/frame802154.o
                0x0000000000204eb0                frame802154_get_pan_id
 .text.frame802154_parse
                0x0000000000204ebc      0x12c obj_zoul/frame802154.o
                0x0000000000204ebc                frame802154_parse
 .text.fill_space
                0x0000000000204fe8       0x34 obj_zoul/strformat.o
 .text.format_str_v
                0x000000000020501c      0x6dc obj_zoul/strformat.o
                0x000000000020501c                format_str_v
 .text.printf   0x00000000002056f8       0x20 obj_zoul/printf.o
                0x00000000002056f8                printf
 .text.vsnprintf
                0x0000000000205718       0x28 obj_zoul/snprintf.o
                0x0000000000205718                vsnprintf
 .text.on       0x0000000000205740        0xc obj_zoul/csma.o
 .text.off      0x000000000020574c        0xc obj_zoul/csma.o
 .text.input_packet
                0x0000000000205758       0x54 obj_zoul/csma.o
 .text.schedule_transmission
                0x00000000002057ac       0x38 obj_zoul/csma-output.o
 .text.tx_done  0x00000000002057e4       0x7c obj_zoul/csma-output.o
 .text.transmit_from_queue
                0x0000000000205860      0x1dc obj_zoul/csma-output.o
 .text.csma_output_packet
                0x0000000000205a3c      0x13c obj_zoul/csma-output.o
                0x0000000000205a3c                csma_output_packet
 .text.csma_output_init
                0x0000000000205b78       0x28 obj_zoul/csma-output.o
                0x0000000000205b78                csma_output_init
 .text.uipbuf_get_attr
                0x0000000000205ba0       0x14 obj_zoul/uipbuf.o
                0x0000000000205ba0                uipbuf_get_attr
 .text.uipbuf_clear_attr
                0x0000000000205bb4       0x18 obj_zoul/uipbuf.o
                0x0000000000205bb4                uipbuf_clear_attr
 .text.echo_reply_input
                0x0000000000205bcc       0xa4 obj_zoul/uip-icmp6.o
 .text.echo_request_input
                0x0000000000205c70       0xd0 obj_zoul/uip-icmp6.o
 .text.uip_icmp6_input
                0x0000000000205d40       0x38 obj_zoul/uip-icmp6.o
                0x0000000000205d40                uip_icmp6_input
 .text.uip_icmp6_register_input_handler
                0x0000000000205d78        0xc obj_zoul/uip-icmp6.o
                0x0000000000205d78                uip_icmp6_register_input_handler
 .text.uip_icmp6_error_output
                0x0000000000205d84      0x150 obj_zoul/uip-icmp6.o
                0x0000000000205d84                uip_icmp6_error_output
 .text.uip_icmp6_send
                0x0000000000205ed4       0x78 obj_zoul/uip-icmp6.o
                0x0000000000205ed4                uip_icmp6_send
 .text.uip_icmp6_init
                0x0000000000205f4c       0x1c obj_zoul/uip-icmp6.o
                0x0000000000205f4c                uip_icmp6_init
 .text.node_matches_address.part.0
                0x0000000000205f68       0x28 obj_zoul/uip-sr.o
 .text.uip_sr_get_node
                0x0000000000205f90       0x38 obj_zoul/uip-sr.o
                0x0000000000205f90                uip_sr_get_node
 .text.uip_sr_is_addr_reachable
                0x0000000000205fc8       0x44 obj_zoul/uip-sr.o
                0x0000000000205fc8                uip_sr_is_addr_reachable
 .text.uip_sr_update_node
                0x000000000020600c       0xa4 obj_zoul/uip-sr.o
                0x000000000020600c                uip_sr_update_node
 .text.uip_sr_init
                0x00000000002060b0       0x24 obj_zoul/uip-sr.o
                0x00000000002060b0                uip_sr_init
 .text.uip_sr_periodic
                0x00000000002060d4       0x74 obj_zoul/uip-sr.o
                0x00000000002060d4                uip_sr_periodic
 .text.uip_sr_free_all
                0x0000000000206148       0x48 obj_zoul/uip-sr.o
                0x0000000000206148                uip_sr_free_all
 .text.uip_ds6_prefix_add
                0x0000000000206190       0x64 obj_zoul/uip-ds6.o
                0x0000000000206190                uip_ds6_prefix_add
 .text.uip_ds6_is_addr_onlink
                0x00000000002061f4       0x40 obj_zoul/uip-ds6.o
                0x00000000002061f4                uip_ds6_is_addr_onlink
 .text.uip_ds6_addr_lookup
                0x0000000000206234       0x2c obj_zoul/uip-ds6.o
                0x0000000000206234                uip_ds6_addr_lookup
 .text.uip_ds6_get_link_local
                0x0000000000206260       0x3c obj_zoul/uip-ds6.o
                0x0000000000206260                uip_ds6_get_link_local
 .text.uip_ds6_maddr_add
                0x000000000020629c       0x4c obj_zoul/uip-ds6.o
                0x000000000020629c                uip_ds6_maddr_add
 .text.uip_ds6_addr_add
                0x00000000002062e8       0x98 obj_zoul/uip-ds6.o
                0x00000000002062e8                uip_ds6_addr_add
 .text.uip_ds6_maddr_lookup
                0x0000000000206380       0x2c obj_zoul/uip-ds6.o
                0x0000000000206380                uip_ds6_maddr_lookup
 .text.uip_ds6_addr_rm
                0x00000000002063ac       0x44 obj_zoul/uip-ds6.o
                0x00000000002063ac                uip_ds6_addr_rm
 .text.uip_ds6_periodic
                0x00000000002063f0       0x48 obj_zoul/uip-ds6.o
                0x00000000002063f0                uip_ds6_periodic
 .text.uip_ds6_set_addr_iid
                0x0000000000206438       0x24 obj_zoul/uip-ds6.o
                0x0000000000206438                uip_ds6_set_addr_iid
 .text.uip_ds6_select_src
                0x000000000020645c       0x94 obj_zoul/uip-ds6.o
                0x000000000020645c                uip_ds6_select_src
 .text.uip_ds6_compute_reachable_time
                0x00000000002064f0       0x2c obj_zoul/uip-ds6.o
                0x00000000002064f0                uip_ds6_compute_reachable_time
 .text.uip_ds6_init
                0x000000000020651c       0xe0 obj_zoul/uip-ds6.o
                0x000000000020651c                uip_ds6_init
 .text.uiplib_ipaddr_snprint
                0x00000000002065fc       0xf4 obj_zoul/uiplib.o
                0x00000000002065fc                uiplib_ipaddr_snprint
 .text.tcpip_output
                0x00000000002066f0       0x40 obj_zoul/tcpip.o
                0x00000000002066f0                tcpip_output
 .text.tcpip_input
                0x0000000000206730       0x34 obj_zoul/tcpip.o
                0x0000000000206730                tcpip_input
 .text.tcpip_ipv6_output
                0x0000000000206764       0xf8 obj_zoul/tcpip.o
                0x0000000000206764                tcpip_ipv6_output
 .text.packet_input
                0x000000000020685c       0x20 obj_zoul/tcpip.o
 .text.process_thread_tcpip_process
                0x000000000020687c       0xc0 obj_zoul/tcpip.o
 .text.tcpip_uipcall
                0x000000000020693c       0x2c obj_zoul/tcpip.o
                0x000000000020693c                tcpip_uipcall
 .text.upper_layer_chksum
                0x0000000000206968       0x50 obj_zoul/uip6.o
 .text.ext_hdr_options_process
                0x00000000002069b8       0xc0 obj_zoul/uip6.o
 .text.uip_init
                0x0000000000206a78       0x40 obj_zoul/uip6.o
                0x0000000000206a78                uip_init
 .text.remove_ext_hdr
                0x0000000000206ab8       0x5c obj_zoul/uip6.o
                0x0000000000206ab8                remove_ext_hdr
 .text.uip_process
                0x0000000000206b14      0x3e8 obj_zoul/uip6.o
                0x0000000000206b14                uip_process
 .text.uip_htonl
                0x0000000000206efc       0x1c obj_zoul/uip6.o
                0x0000000000206efc                uip_htonl
 .text.uip_ds6_nbr_rm
                0x0000000000206f18       0x24 obj_zoul/uip-ds6-nbr.o
                0x0000000000206f18                uip_ds6_nbr_rm
 .text.uip_ds6_neighbors_init
                0x0000000000206f3c       0x1c obj_zoul/uip-ds6-nbr.o
                0x0000000000206f3c                uip_ds6_neighbors_init
 .text.uip_ds6_nbr_add
                0x0000000000206f58       0x44 obj_zoul/uip-ds6-nbr.o
                0x0000000000206f58                uip_ds6_nbr_add
 .text.uip_ds6_nbr_get_ll
                0x0000000000206f9c       0x10 obj_zoul/uip-ds6-nbr.o
                0x0000000000206f9c                uip_ds6_nbr_get_ll
 .text.uip_ds6_nbr_lookup
                0x0000000000206fac       0x38 obj_zoul/uip-ds6-nbr.o
                0x0000000000206fac                uip_ds6_nbr_lookup
 .text.uip_ds6_nbr_ll_lookup
                0x0000000000206fe4       0x10 obj_zoul/uip-ds6-nbr.o
                0x0000000000206fe4                uip_ds6_nbr_ll_lookup
 .text.ns_input
                0x0000000000206ff4      0x26c obj_zoul/uip-nd6.o
 .text.uip_nd6_init
                0x0000000000207260        0xc obj_zoul/uip-nd6.o
                0x0000000000207260                uip_nd6_init
 .text.uip_ds6_route_init
                0x000000000020726c       0x1c obj_zoul/uip-ds6-route.o
                0x000000000020726c                uip_ds6_route_init
 .text.uip_ds6_defrt_rm
                0x0000000000207288       0x38 obj_zoul/uip-ds6-route.o
                0x0000000000207288                uip_ds6_defrt_rm
 .text.uip_ds6_defrt_lookup
                0x00000000002072c0       0x34 obj_zoul/uip-ds6-route.o
                0x00000000002072c0                uip_ds6_defrt_lookup
 .text.uip_ds6_defrt_add
                0x00000000002072f4       0x60 obj_zoul/uip-ds6-route.o
                0x00000000002072f4                uip_ds6_defrt_add
 .text.uip_ds6_defrt_choose
                0x0000000000207354       0x30 obj_zoul/uip-ds6-route.o
                0x0000000000207354                uip_ds6_defrt_choose
 .text.uip_ds6_defrt_periodic
                0x0000000000207384       0x3c obj_zoul/uip-ds6-route.o
                0x0000000000207384                uip_ds6_defrt_periodic
 .text.clear_fragments
                0x00000000002073c0       0x3c obj_zoul/sicslowpan.o
 .text.sicslowpan_init
                0x00000000002073fc       0x18 obj_zoul/sicslowpan.o
                0x00000000002073fc                sicslowpan_init
 .text.set_packet_attrs
                0x0000000000207414       0x40 obj_zoul/sicslowpan.o
 .text.compress_addr_64
                0x0000000000207454       0x90 obj_zoul/sicslowpan.o
 .text.addr_context_lookup_by_prefix
                0x00000000002074e4       0x24 obj_zoul/sicslowpan.o
 .text.send_packet
                0x0000000000207508       0x24 obj_zoul/sicslowpan.o
 .text.fragment_copy_payload_and_send
                0x000000000020752c       0x6c obj_zoul/sicslowpan.o
 .text.output   0x0000000000207598      0x74c obj_zoul/sicslowpan.o
 .text.packet_sent
                0x0000000000207ce4       0x5c obj_zoul/sicslowpan.o
 .text.store_fragment
                0x0000000000207d40       0x64 obj_zoul/sicslowpan.o
 .text.uncompress_addr
                0x0000000000207da4       0x94 obj_zoul/sicslowpan.o
 .text.add_fragment
                0x0000000000207e38      0x148 obj_zoul/sicslowpan.o
 .text.input    0x0000000000207f80      0x6e4 obj_zoul/sicslowpan.o
 .text.dao_ack_input
                0x0000000000208664       0x44 obj_zoul/rpl-icmp6.o
 .text.dao_input
                0x00000000002086a8      0x110 obj_zoul/rpl-icmp6.o
 .text.dio_input
                0x00000000002087b8      0x22c obj_zoul/rpl-icmp6.o
 .text.dis_input
                0x00000000002089e4       0x3c obj_zoul/rpl-icmp6.o
 .text.rpl_icmp6_dis_output
                0x0000000000208a20       0x38 obj_zoul/rpl-icmp6.o
                0x0000000000208a20                rpl_icmp6_dis_output
 .text.rpl_icmp6_dio_output
                0x0000000000208a58      0x1c8 obj_zoul/rpl-icmp6.o
                0x0000000000208a58                rpl_icmp6_dio_output
 .text.rpl_icmp6_dao_output
                0x0000000000208c20       0xc4 obj_zoul/rpl-icmp6.o
                0x0000000000208c20                rpl_icmp6_dao_output
 .text.rpl_icmp6_dao_ack_output
                0x0000000000208ce4       0x44 obj_zoul/rpl-icmp6.o
                0x0000000000208ce4                rpl_icmp6_dao_ack_output
 .text.rpl_icmp6_init
                0x0000000000208d28       0x30 obj_zoul/rpl-icmp6.o
                0x0000000000208d28                rpl_icmp6_init
 .text.remove_neighbor
                0x0000000000208d58       0x3c obj_zoul/rpl-neighbor.o
 .text.rpl_neighbor_get_from_lladdr
                0x0000000000208d94       0x10 obj_zoul/rpl-neighbor.o
                0x0000000000208d94                rpl_neighbor_get_from_lladdr
 .text.rpl_neighbor_rank_via_nbr
                0x0000000000208da4       0x18 obj_zoul/rpl-neighbor.o
                0x0000000000208da4                rpl_neighbor_rank_via_nbr
 .text.rpl_neighbor_get_lladdr
                0x0000000000208dbc       0x10 obj_zoul/rpl-neighbor.o
                0x0000000000208dbc                rpl_neighbor_get_lladdr
 .text.best_parent
                0x0000000000208dcc       0x88 obj_zoul/rpl-neighbor.o
 .text.rpl_neighbor_is_parent
                0x0000000000208e54       0x18 obj_zoul/rpl-neighbor.o
                0x0000000000208e54                rpl_neighbor_is_parent
 .text.rpl_neighbor_set_preferred_parent
                0x0000000000208e6c       0x44 obj_zoul/rpl-neighbor.o
                0x0000000000208e6c                rpl_neighbor_set_preferred_parent
 .text.rpl_neighbor_remove_all
                0x0000000000208eb0       0x2c obj_zoul/rpl-neighbor.o
                0x0000000000208eb0                rpl_neighbor_remove_all
 .text.rpl_neighbor_get_from_ipaddr
                0x0000000000208edc       0x1c obj_zoul/rpl-neighbor.o
                0x0000000000208edc                rpl_neighbor_get_from_ipaddr
 .text.rpl_neighbor_select_best
                0x0000000000208ef8       0x54 obj_zoul/rpl-neighbor.o
                0x0000000000208ef8                rpl_neighbor_select_best
 .text.rpl_neighbor_init
                0x0000000000208f4c       0x14 obj_zoul/rpl-neighbor.o
                0x0000000000208f4c                rpl_neighbor_init
 .text.init_dag
                0x0000000000208f60       0x74 obj_zoul/rpl-dag.o
 .text.init_dag_from_dio
                0x0000000000208fd4       0x84 obj_zoul/rpl-dag.o
 .text.rpl_dag_get_root_ipaddr
                0x0000000000209058       0x30 obj_zoul/rpl-dag.o
                0x0000000000209058                rpl_dag_get_root_ipaddr
 .text.rpl_dag_leave
                0x0000000000209088       0x50 obj_zoul/rpl-dag.o
                0x0000000000209088                rpl_dag_leave
 .text.rpl_dag_poison_and_leave
                0x00000000002090d8       0x10 obj_zoul/rpl-dag.o
                0x00000000002090d8                rpl_dag_poison_and_leave
 .text.rpl_dag_periodic
                0x00000000002090e8       0x44 obj_zoul/rpl-dag.o
                0x00000000002090e8                rpl_dag_periodic
 .text.rpl_is_addr_in_our_dag
                0x000000000020912c       0x24 obj_zoul/rpl-dag.o
                0x000000000020912c                rpl_is_addr_in_our_dag
 .text.rpl_local_repair
                0x0000000000209150       0x34 obj_zoul/rpl-dag.o
                0x0000000000209150                rpl_local_repair
 .text.rpl_global_repair
                0x0000000000209184       0x38 obj_zoul/rpl-dag.o
                0x0000000000209184                rpl_global_repair
 .text.rpl_dag_ready_to_advertise
                0x00000000002091bc       0x24 obj_zoul/rpl-dag.o
                0x00000000002091bc                rpl_dag_ready_to_advertise
 .text.rpl_dag_update_state
                0x00000000002091e0      0x118 obj_zoul/rpl-dag.o
                0x00000000002091e0                rpl_dag_update_state
 .text.rpl_process_dio
                0x00000000002092f8      0x190 obj_zoul/rpl-dag.o
                0x00000000002092f8                rpl_process_dio
 .text.rpl_process_dis
                0x0000000000209488       0x2c obj_zoul/rpl-dag.o
                0x0000000000209488                rpl_process_dis
 .text.rpl_process_dao
                0x00000000002094b4       0x4c obj_zoul/rpl-dag.o
                0x00000000002094b4                rpl_process_dao
 .text.rpl_process_dao_ack
                0x0000000000209500       0x54 obj_zoul/rpl-dag.o
                0x0000000000209500                rpl_process_dao_ack
 .text.rpl_dag_init_root
                0x0000000000209554       0xa8 obj_zoul/rpl-dag.o
                0x0000000000209554                rpl_dag_init_root
 .text.rpl_dag_init
                0x00000000002095fc       0x10 obj_zoul/rpl-dag.o
                0x00000000002095fc                rpl_dag_init
 .text.new_dio_interval
                0x000000000020960c       0x54 obj_zoul/rpl-timers.o
 .text.handle_unicast_dio_timer
                0x0000000000209660       0x1c obj_zoul/rpl-timers.o
 .text.handle_dao_timer
                0x000000000020967c       0xd8 obj_zoul/rpl-timers.o
 .text.handle_dao_ack_timer
                0x0000000000209754       0x14 obj_zoul/rpl-timers.o
 .text.handle_leaving_timer
                0x0000000000209768       0x10 obj_zoul/rpl-timers.o
 .text.handle_dio_timer
                0x0000000000209778       0x70 obj_zoul/rpl-timers.o
 .text.rpl_timers_schedule_periodic_dis
                0x00000000002097e8       0x38 obj_zoul/rpl-timers.o
                0x00000000002097e8                rpl_timers_schedule_periodic_dis
 .text.handle_dis_timer
                0x0000000000209820       0x34 obj_zoul/rpl-timers.o
 .text.handle_periodic_timer
                0x0000000000209854       0x44 obj_zoul/rpl-timers.o
 .text.rpl_timers_dio_reset
                0x0000000000209898       0x28 obj_zoul/rpl-timers.o
                0x0000000000209898                rpl_timers_dio_reset
 .text.rpl_timers_schedule_unicast_dio
                0x00000000002098c0       0x28 obj_zoul/rpl-timers.o
                0x00000000002098c0                rpl_timers_schedule_unicast_dio
 .text.rpl_timers_schedule_dao
                0x00000000002098e8       0x4c obj_zoul/rpl-timers.o
                0x00000000002098e8                rpl_timers_schedule_dao
 .text.rpl_timers_schedule_dao_ack
                0x0000000000209934       0x48 obj_zoul/rpl-timers.o
                0x0000000000209934                rpl_timers_schedule_dao_ack
 .text.get_probing_target
                0x000000000020997c       0xbc obj_zoul/rpl-timers.o
                0x000000000020997c                get_probing_target
 .text.rpl_schedule_probing
                0x0000000000209a38       0x28 obj_zoul/rpl-timers.o
                0x0000000000209a38                rpl_schedule_probing
 .text.rpl_schedule_probing_now
                0x0000000000209a60       0x2c obj_zoul/rpl-timers.o
                0x0000000000209a60                rpl_schedule_probing_now
 .text.rpl_timers_unschedule_leaving
                0x0000000000209a8c       0x24 obj_zoul/rpl-timers.o
                0x0000000000209a8c                rpl_timers_unschedule_leaving
 .text.rpl_timers_schedule_leaving
                0x0000000000209ab0       0x30 obj_zoul/rpl-timers.o
                0x0000000000209ab0                rpl_timers_schedule_leaving
 .text.rpl_timers_init
                0x0000000000209ae0       0x20 obj_zoul/rpl-timers.o
                0x0000000000209ae0                rpl_timers_init
 .text.rpl_timers_stop_dag_timers
                0x0000000000209b00       0x44 obj_zoul/rpl-timers.o
                0x0000000000209b00                rpl_timers_stop_dag_timers
 .text.rpl_timers_unschedule_state_update
                0x0000000000209b44       0x14 obj_zoul/rpl-timers.o
                0x0000000000209b44                rpl_timers_unschedule_state_update
 .text.rpl_timers_schedule_state_update
                0x0000000000209b58       0x1c obj_zoul/rpl-timers.o
                0x0000000000209b58                rpl_timers_schedule_state_update
 .text.update_hbh_header
                0x0000000000209b74       0x60 obj_zoul/rpl-ext-header.o
 .text.rpl_ext_header_srh_get_next_hop
                0x0000000000209bd4       0xc8 obj_zoul/rpl-ext-header.o
                0x0000000000209bd4                rpl_ext_header_srh_get_next_hop
 .text.rpl_ext_header_srh_update
                0x0000000000209c9c       0xe4 obj_zoul/rpl-ext-header.o
                0x0000000000209c9c                rpl_ext_header_srh_update
 .text.rpl_ext_header_hbh_update
                0x0000000000209d80       0xb8 obj_zoul/rpl-ext-header.o
                0x0000000000209d80                rpl_ext_header_hbh_update
 .text.rpl_ext_header_remove
                0x0000000000209e38       0xa0 obj_zoul/rpl-ext-header.o
                0x0000000000209e38                rpl_ext_header_remove
 .text.rpl_ext_header_update
                0x0000000000209ed8      0x288 obj_zoul/rpl-ext-header.o
                0x0000000000209ed8                rpl_ext_header_update
 .text.rpl_has_joined
                0x000000000020a160       0x18 obj_zoul/rpl.o
                0x000000000020a160                rpl_has_joined
 .text.rpl_is_reachable
                0x000000000020a178       0x18 obj_zoul/rpl.o
                0x000000000020a178                rpl_is_reachable
 .text.set_ip_from_prefix
                0x000000000020a190       0x2c obj_zoul/rpl.o
 .text.init     0x000000000020a1bc       0x40 obj_zoul/rpl.o
 .text.rpl_link_callback
                0x000000000020a1fc       0x2c obj_zoul/rpl.o
                0x000000000020a1fc                rpl_link_callback
 .text.get_sr_node_ipaddr
                0x000000000020a228       0x2c obj_zoul/rpl.o
 .text.rpl_get_global_address
                0x000000000020a254       0x70 obj_zoul/rpl.o
                0x000000000020a254                rpl_get_global_address
 .text.rpl_reset_prefix
                0x000000000020a2c4       0x28 obj_zoul/rpl.o
                0x000000000020a2c4                rpl_reset_prefix
 .text.rpl_set_prefix_from_addr
                0x000000000020a2ec       0x68 obj_zoul/rpl.o
                0x000000000020a2ec                rpl_set_prefix_from_addr
 .text.rpl_get_leaf_only
                0x000000000020a354        0xc obj_zoul/rpl.o
                0x000000000020a354                rpl_get_leaf_only
 .text.update_state
                0x000000000020a360       0x84 obj_zoul/rpl-nbr-policy.o
 .text.rpl_nbr_policy_find_removable
                0x000000000020a3e4       0x50 obj_zoul/rpl-nbr-policy.o
                0x000000000020a3e4                rpl_nbr_policy_find_removable
 .text.update_metric_container
                0x000000000020a434        0xc obj_zoul/rpl-mrhof.o
 .text.within_hysteresis
                0x000000000020a440       0x3c obj_zoul/rpl-mrhof.o
 .text.rank_via_nbr
                0x000000000020a47c       0x30 obj_zoul/rpl-mrhof.o
 .text.best_parent
                0x000000000020a4ac       0x68 obj_zoul/rpl-mrhof.o
 .text.rpl_dag_root_set_prefix
                0x000000000020a514       0x64 obj_zoul/rpl-dag-root.o
                0x000000000020a514                rpl_dag_root_set_prefix
 .text.rpl_dag_root_start
                0x000000000020a578       0x68 obj_zoul/rpl-dag-root.o
                0x000000000020a578                rpl_dag_root_start
 .text.rpl_dag_root_is_root
                0x000000000020a5e0       0x18 obj_zoul/rpl-dag-root.o
                0x000000000020a5e0                rpl_dag_root_is_root
 .text.process_thread_sender_process
                0x000000000020a5f8       0x30 sender.o
 .text          0x000000000020a628       0x30 /usr/bin/../lib/gcc/arm-none-eabi/7.3.1/thumb/v7-m/libgcc.a(_aeabi_uldivmod.o)
                0x000000000020a628                __aeabi_uldivmod
 .text          0x000000000020a658      0x2d0 /usr/bin/../lib/gcc/arm-none-eabi/7.3.1/thumb/v7-m/libgcc.a(_udivmoddi4.o)
                0x000000000020a658                __udivmoddi4
 .text          0x000000000020a928        0x4 /usr/bin/../lib/gcc/arm-none-eabi/7.3.1/thumb/v7-m/libgcc.a(_dvmd_tls.o)
                0x000000000020a928                __aeabi_ldiv0
                0x000000000020a928                __aeabi_idiv0
 .text.memcmp   0x000000000020a92c       0x64 /usr/bin/../lib/gcc/arm-none-eabi/7.3.1/../../../../arm-none-eabi/lib/thumb/v7-m/libc.a(lib_a-memcmp.o)
                0x000000000020a92c                memcmp
 .text          0x000000000020a990       0xec /usr/bin/../lib/gcc/arm-none-eabi/7.3.1/../../../../arm-none-eabi/lib/thumb/v7-m/libc.a(lib_a-memcpy.o)
                0x000000000020a990                memcpy
 .text.memmove  0x000000000020aa7c       0xc4 /usr/bin/../lib/gcc/arm-none-eabi/7.3.1/../../../../arm-none-eabi/lib/thumb/v7-m/libc.a(lib_a-memmove.o)
                0x000000000020aa7c                memmove
 .text.memset   0x000000000020ab40       0x94 /usr/bin/../lib/gcc/arm-none-eabi/7.3.1/../../../../arm-none-eabi/lib/thumb/v7-m/libc.a(lib_a-memset.o)
                0x000000000020ab40                memset
 .text.default_handler
                0x000000000020abd4        0x2 obj_zoul/startup-gcc.o
                0x000000000020abd4                default_handler
 .text.nmi_handler
                0x000000000020abd6        0x6 obj_zoul/startup-gcc.o
                0x000000000020abd6                nmi_handler
 .text.fade     0x000000000020abdc       0x58 obj_zoul/platform.o
 .text.platform_init_stage_one
                0x000000000020ac34       0x14 obj_zoul/platform.o
                0x000000000020ac34                platform_init_stage_one
 .text.platform_idle
                0x000000000020ac48        0x4 obj_zoul/platform.o
                0x000000000020ac48                platform_idle
 .text.board_init
                0x000000000020ac4c        0x4 obj_zoul/board.o
                0x000000000020ac4c                board_init
 .text.soc_init
                0x000000000020ac50       0x22 obj_zoul/soc.o
                0x000000000020ac50                soc_init
 .text.clock_isr
                0x000000000020ac72        0x4 obj_zoul/clock.o
                0x000000000020ac72                clock_isr
 .text.rtimer_arch_init
                0x000000000020ac76        0x2 obj_zoul/rtimer-arch.o
                0x000000000020ac76                rtimer_arch_init
 .text.uart0_isr
                0x000000000020ac78        0x6 obj_zoul/uart.o
                0x000000000020ac78                uart0_isr
 .text.uart1_isr
                0x000000000020ac7e        0x6 obj_zoul/uart.o
                0x000000000020ac7e                uart1_isr
 .text.gpio_port_a_isr
                0x000000000020ac84        0x6 obj_zoul/gpio.o
                0x000000000020ac84                gpio_port_a_isr
 .text.gpio_port_b_isr
                0x000000000020ac8a        0x6 obj_zoul/gpio.o
                0x000000000020ac8a                gpio_port_b_isr
 .text.gpio_port_c_isr
                0x000000000020ac90        0x6 obj_zoul/gpio.o
                0x000000000020ac90                gpio_port_c_isr
 .text.gpio_port_d_isr
                0x000000000020ac96        0x6 obj_zoul/gpio.o
                0x000000000020ac96                gpio_port_d_isr
 .text.send     0x000000000020ac9c       0x12 obj_zoul/cc2538-rf.o
 .text.int_master_read_and_disable
                0x000000000020acae        0x8 obj_zoul/int-master.o
                0x000000000020acae                int_master_read_and_disable
 .text.int_master_status_set
                0x000000000020acb6        0x6 obj_zoul/int-master.o
                0x000000000020acb6                int_master_status_set
 .text.dbg_putchar
                0x000000000020acbc       0x10 obj_zoul/dbg.o
                0x000000000020acbc                dbg_putchar
 .text.dbg_send_bytes
                0x000000000020accc       0x20 obj_zoul/dbg.o
                0x000000000020accc                dbg_send_bytes
 .text.configure
                0x000000000020acec        0x4 obj_zoul/cc2538-temp-sensor.o
 .text.status   0x000000000020acf0        0x4 obj_zoul/cc2538-temp-sensor.o
 .text.value    0x000000000020acf4       0x34 obj_zoul/cc2538-temp-sensor.o
 .text.configure
                0x000000000020ad28        0x4 obj_zoul/vdd3-sensor.o
 .text.status   0x000000000020ad2c        0x4 obj_zoul/vdd3-sensor.o
 .text.value    0x000000000020ad30       0x2a obj_zoul/vdd3-sensor.o
 .text.autostart_start
                0x000000000020ad5a       0x14 obj_zoul/autostart.o
                0x000000000020ad5a                autostart_start
 .text.energest_init
                0x000000000020ad6e        0x2 obj_zoul/energest.o
                0x000000000020ad6e                energest_init
 .text.etimer_set
                0x000000000020ad70       0x12 obj_zoul/etimer.o
                0x000000000020ad70                etimer_set
 .text.etimer_reset
                0x000000000020ad82       0x12 obj_zoul/etimer.o
                0x000000000020ad82                etimer_reset
 .text.etimer_expired
                0x000000000020ad94        0xa obj_zoul/etimer.o
                0x000000000020ad94                etimer_expired
 .text.stimer_set
                0x000000000020ad9e        0xe obj_zoul/stimer.o
                0x000000000020ad9e                stimer_set
 .text.call_process
                0x000000000020adac        0xc obj_zoul/process.o
 .text.rtimer_init
                0x000000000020adb8        0x4 obj_zoul/rtimer.o
                0x000000000020adb8                rtimer_init
 .text.timer_set
                0x000000000020adbc        0xe obj_zoul/timer.o
                0x000000000020adbc                timer_set
 .text.timer_reset
                0x000000000020adca        0xa obj_zoul/timer.o
                0x000000000020adca                timer_reset
 .text.timer_expired
                0x000000000020add4       0x1c obj_zoul/timer.o
                0x000000000020add4                timer_expired
 .text.button_hal_get_state
                0x000000000020adf0       0x28 obj_zoul/button-hal.o
                0x000000000020adf0                button_hal_get_state
 .text.list_init
                0x000000000020ae18        0x6 obj_zoul/list.o
                0x000000000020ae18                list_init
 .text.list_head
                0x000000000020ae1e        0x4 obj_zoul/list.o
                0x000000000020ae1e                list_head
 .text.list_tail
                0x000000000020ae22       0x10 obj_zoul/list.o
                0x000000000020ae22                list_tail
 .text.list_remove
                0x000000000020ae32       0x26 obj_zoul/list.o
                0x000000000020ae32                list_remove
 .text.list_add
                0x000000000020ae58       0x1a obj_zoul/list.o
                0x000000000020ae58                list_add
 .text.list_push
                0x000000000020ae72       0x10 obj_zoul/list.o
                0x000000000020ae72                list_push
 .text.list_length
                0x000000000020ae82        0xe obj_zoul/list.o
                0x000000000020ae82                list_length
 .text.list_item_next
                0x000000000020ae90        0x6 obj_zoul/list.o
                0x000000000020ae90                list_item_next
 .text.memb_init
                0x000000000020ae96       0x20 obj_zoul/memb.o
                0x000000000020ae96                memb_init
 .text.memb_alloc
                0x000000000020aeb6       0x28 obj_zoul/memb.o
                0x000000000020aeb6                memb_alloc
 .text.memb_free
                0x000000000020aede       0x2c obj_zoul/memb.o
                0x000000000020aede                memb_free
 .text.memb_inmemb
                0x000000000020af0a       0x1c obj_zoul/memb.o
                0x000000000020af0a                memb_inmemb
 .text.memb_numfree
                0x000000000020af26       0x1c obj_zoul/memb.o
                0x000000000020af26                memb_numfree
 .text.ringbuf_init
                0x000000000020af42        0xe obj_zoul/ringbuf.o
                0x000000000020af42                ringbuf_init
 .text.ringbuf_put
                0x000000000020af50       0x26 obj_zoul/ringbuf.o
                0x000000000020af50                ringbuf_put
 .text.ringbuf_get
                0x000000000020af76       0x20 obj_zoul/ringbuf.o
                0x000000000020af76                ringbuf_get
 .text.queuebuf_update_attr_from_packetbuf
                0x000000000020af96        0xc obj_zoul/queuebuf.o
                0x000000000020af96                queuebuf_update_attr_from_packetbuf
 .text.queuebuf_attr
                0x000000000020afa2        0xc obj_zoul/queuebuf.o
                0x000000000020afa2                queuebuf_attr
 .text.item_from_index
                0x000000000020afae       0x14 obj_zoul/nbr-table.o
 .text.index_from_item
                0x000000000020afc2       0x16 obj_zoul/nbr-table.o
 .text.nbr_set_bit
                0x000000000020afd8       0x3a obj_zoul/nbr-table.o
 .text.nbr_table_get_from_lladdr
                0x000000000020b012       0x26 obj_zoul/nbr-table.o
                0x000000000020b012                nbr_table_get_from_lladdr
 .text.linkaddr_copy
                0x000000000020b038        0x6 obj_zoul/linkaddr.o
                0x000000000020b038                linkaddr_copy
 .text.linkaddr_cmp
                0x000000000020b03e       0x10 obj_zoul/linkaddr.o
                0x000000000020b03e                linkaddr_cmp
 .text.link_stats_is_fresh
                0x000000000020b04e       0x24 obj_zoul/link-stats.o
                0x000000000020b04e                link_stats_is_fresh
 .text.guess_etx_from_rssi
                0x000000000020b072       0x42 obj_zoul/link-stats.o
                0x000000000020b072                guess_etx_from_rssi
 .text.mac_call_sent_callback
                0x000000000020b0b4       0x18 obj_zoul/mac.o
                0x000000000020b0b4                mac_call_sent_callback
 .text.parse    0x000000000020b0cc       0x8a obj_zoul/framer-802154.o
 .text.framer_802154_setup_params.part.0
                0x000000000020b156       0x74 obj_zoul/framer-802154.o
 .text.create   0x000000000020b1ca        0x6 obj_zoul/framer-802154.o
 .text.hdr_length
                0x000000000020b1d0        0x6 obj_zoul/framer-802154.o
 .text.frame802154_has_panid
                0x000000000020b1d6       0xbc obj_zoul/frame802154.o
                0x000000000020b1d6                frame802154_has_panid
 .text.field_len
                0x000000000020b292       0x84 obj_zoul/frame802154.o
 .text.frame802154_is_broadcast_addr
                0x000000000020b316       0x1e obj_zoul/frame802154.o
                0x000000000020b316                frame802154_is_broadcast_addr
 .text.frame802154_hdrlen
                0x000000000020b334       0x32 obj_zoul/frame802154.o
                0x000000000020b334                frame802154_hdrlen
 .text.frame802154_create_fcf
                0x000000000020b366       0x5e obj_zoul/frame802154.o
                0x000000000020b366                frame802154_create_fcf
 .text.frame802154_create
                0x000000000020b3c4       0x8e obj_zoul/frame802154.o
                0x000000000020b3c4                frame802154_create
 .text.frame802154_parse_fcf
                0x000000000020b452       0x66 obj_zoul/frame802154.o
                0x000000000020b452                frame802154_parse_fcf
 .text.write_str
                0x000000000020b4b8       0x10 obj_zoul/printf.o
 .text.buffer_str
                0x000000000020b4c8       0x28 obj_zoul/snprintf.o
 .text.snprintf
                0x000000000020b4f0       0x1a obj_zoul/snprintf.o
                0x000000000020b4f0                snprintf
 .text.putchar  0x000000000020b50a        0xc obj_zoul/putchar.o
                0x000000000020b50a                putchar
 .text.send_packet
                0x000000000020b516        0x4 obj_zoul/csma.o
 .text.init     0x000000000020b51a        0xe obj_zoul/csma.o
 .text.uip_sr_expire_parent
                0x000000000020b528       0x28 obj_zoul/uip-sr.o
                0x000000000020b528                uip_sr_expire_parent
 .text.uip_ds6_list_loop
                0x000000000020b550       0x4c obj_zoul/uip-ds6.o
                0x000000000020b550                uip_ds6_list_loop
 .text.uip_ds6_maddr_rm
                0x000000000020b59c        0x8 obj_zoul/uip-ds6.o
                0x000000000020b59c                uip_ds6_maddr_rm
 .text.uip_ds6_set_lladdr_from_iid
                0x000000000020b5a4        0x8 obj_zoul/uip-ds6.o
                0x000000000020b5a4                uip_ds6_set_lladdr_from_iid
 .text.get_match_length
                0x000000000020b5ac       0x36 obj_zoul/uip-ds6.o
                0x000000000020b5ac                get_match_length
 .text.chksum   0x000000000020b5e2       0x38 obj_zoul/uip6.o
 .text.uip_icmp6chksum
                0x000000000020b61a        0x6 obj_zoul/uip6.o
                0x000000000020b61a                uip_icmp6chksum
 .text.uip_udpchksum
                0x000000000020b620        0x6 obj_zoul/uip6.o
                0x000000000020b620                uip_udpchksum
 .text.uip_ds6_nbr_update_ll
                0x000000000020b626       0x5e obj_zoul/uip-ds6-nbr.o
                0x000000000020b626                uip_ds6_nbr_update_ll
 .text.uip_ds6_nbr_ipaddr_from_lladdr
                0x000000000020b684        0x4 obj_zoul/uip-ds6-nbr.o
                0x000000000020b684                uip_ds6_nbr_ipaddr_from_lladdr
 .text.uip_ds6_nbr_lladdr_from_ipaddr
                0x000000000020b688       0x12 obj_zoul/uip-ds6-nbr.o
                0x000000000020b688                uip_ds6_nbr_lladdr_from_ipaddr
 .text.uip_ds6_link_callback
                0x000000000020b69a        0x2 obj_zoul/uip-ds6-nbr.o
                0x000000000020b69a                uip_ds6_link_callback
 .text.uip_ds6_route_nexthop
                0x000000000020b69c        0x4 obj_zoul/uip-ds6-route.o
                0x000000000020b69c                uip_ds6_route_nexthop
 .text.uip_ds6_route_lookup
                0x000000000020b6a0        0x4 obj_zoul/uip-ds6-route.o
                0x000000000020b6a0                uip_ds6_route_lookup
 .text.uip_ds6_route_rm
                0x000000000020b6a4        0x2 obj_zoul/uip-ds6-route.o
                0x000000000020b6a4                uip_ds6_route_rm
 .text.get32    0x000000000020b6a6       0x18 obj_zoul/rpl-icmp6.o
 .text.set32    0x000000000020b6be       0x12 obj_zoul/rpl-icmp6.o
 .text.get16    0x000000000020b6d0        0xc obj_zoul/rpl-icmp6.o
 .text.set16    0x000000000020b6dc        0xa obj_zoul/rpl-icmp6.o
 .text.rpl_icmp6_update_nbr_table
                0x000000000020b6e6       0x2e obj_zoul/rpl-icmp6.o
                0x000000000020b6e6                rpl_icmp6_update_nbr_table
 .text.rpl_neighbor_get_ipaddr
                0x000000000020b714        0xe obj_zoul/rpl-neighbor.o
                0x000000000020b714                rpl_neighbor_get_ipaddr
 .text.rpl_neighbor_get_link_stats
                0x000000000020b722        0xe obj_zoul/rpl-neighbor.o
                0x000000000020b722                rpl_neighbor_get_link_stats
 .text.rpl_neighbor_is_fresh
                0x000000000020b730        0xe obj_zoul/rpl-neighbor.o
                0x000000000020b730                rpl_neighbor_is_fresh
 .text.rpl_process_hbh
                0x000000000020b73e       0x1c obj_zoul/rpl-dag.o
                0x000000000020b73e                rpl_process_hbh
 .text.handle_state_update
                0x000000000020b75a        0x4 obj_zoul/rpl-timers.o
 .text.get_probing_delay
                0x000000000020b75e       0x1a obj_zoul/rpl-timers.o
                0x000000000020b75e                get_probing_delay
 .text.handle_probing_timer
                0x000000000020b778       0x24 obj_zoul/rpl-timers.o
 .text.neighbor_state_changed
                0x000000000020b79c        0x2 obj_zoul/rpl.o
 .text.drop_route
                0x000000000020b79e        0x2 obj_zoul/rpl.o
 .text.rpl_lollipop_greater_than
                0x000000000020b7a0       0x34 obj_zoul/rpl.o
                0x000000000020b7a0                rpl_lollipop_greater_than
 .text.reset    0x000000000020b7d4        0x2 obj_zoul/rpl-mrhof.o
 .text.nbr_link_metric
                0x000000000020b7d6       0x12 obj_zoul/rpl-mrhof.o
 .text.nbr_path_cost
                0x000000000020b7e8       0x28 obj_zoul/rpl-mrhof.o
 .text.nbr_has_usable_link
                0x000000000020b810       0x12 obj_zoul/rpl-mrhof.o
 .text.nbr_is_acceptable_parent
                0x000000000020b822       0x1e obj_zoul/rpl-mrhof.o
 *(SORT_BY_ALIGNMENT(.rodata*))
 .rodata.uart_regs
                0x000000000020b840       0x58 obj_zoul/uart.o
 .rodata.cc2538_rf_driver
                0x000000000020b898       0x38 obj_zoul/cc2538-rf.o
                0x000000000020b898                cc2538_rf_driver
 .rodata.output_power
                0x000000000020b8d0       0x70 obj_zoul/cc2538-rf.o
 .rodata.cc2538_temp_sensor
                0x000000000020b940       0x10 obj_zoul/cc2538-temp-sensor.o
                0x000000000020b940                cc2538_temp_sensor
 .rodata.vdd3_sensor
                0x000000000020b950       0x10 obj_zoul/vdd3-sensor.o
                0x000000000020b950                vdd3_sensor
 .rodata.framer_802154
                0x000000000020b960        0xc obj_zoul/framer-802154.o
                0x000000000020b960                framer_802154
 .rodata.csma_driver
                0x000000000020b96c       0x18 obj_zoul/csma.o
                0x000000000020b96c                csma_driver
 .rodata.sicslowpan_driver
                0x000000000020b984       0x10 obj_zoul/sicslowpan.o
                0x000000000020b984                sicslowpan_driver
 .rodata.rpl_lite_driver
                0x000000000020b994       0x50 obj_zoul/rpl.o
                0x000000000020b994                rpl_lite_driver
 .rodata.autostart_processes
                0x000000000020b9e4        0x8 sender.o
                0x000000000020b9e4                autostart_processes
 .rodata.linkaddr_null
                0x000000000020b9ec        0x2 obj_zoul/linkaddr.o
                0x000000000020b9ec                linkaddr_null
 .rodata.platform_init_stage_three.str1.1
                0x000000000020b9ee       0x3e obj_zoul/platform.o
                                         0x42 (size before relaxing)
 .rodata.leds_arch_leds
                0x000000000020ba2c        0x6 obj_zoul/leds-arch.o
                0x000000000020ba2c                leds_arch_leds
 .rodata.str1.1
                0x000000000020ba32        0xc obj_zoul/board-buttons.o
 .rodata.str1.1
                0x000000000020ba3e       0x11 obj_zoul/cc2538-rf.o
 .rodata.str1.1
                0x000000000020ba4f       0x14 obj_zoul/cc2538-temp-sensor.o
 .rodata.str1.1
                0x000000000020ba63        0x5 obj_zoul/vdd3-sensor.o
 .rodata.main.str1.1
                0x000000000020ba68       0xcf obj_zoul/contiki-main.o
                                         0xe5 (size before relaxing)
 .rodata.str1.1
                0x000000000020bb37        0xf obj_zoul/ctimer.o
 .rodata.log_6addr.str1.1
                0x000000000020bb46        0x3 obj_zoul/log.o
 .rodata.log_lladdr.str1.1
                0x000000000020bb49       0x14 obj_zoul/log.o
 .rodata.str1.1
                0x000000000020bb5d        0xc obj_zoul/etimer.o
 .rodata.process_thread_stack_check_process.str1.1
                0x000000000020bb69       0x23 obj_zoul/stack-check.o
                                         0x32 (size before relaxing)
 .rodata.str1.1
                0x000000000020bb8c        0xc obj_zoul/stack-check.o
 .rodata.str1.1
                0x000000000020bb98       0x13 obj_zoul/button-hal.o
 .rodata.str1.1
                0x000000000020bbab        0xe obj_zoul/serial-line.o
 .rodata.str1.1
                0x000000000020bbb9        0x8 obj_zoul/sensors.o
 .rodata.buffer.5329
                0x000000000020bbc1       0x10 obj_zoul/strformat.o
 .rodata.buffer.5338
                0x000000000020bbd1       0x10 obj_zoul/strformat.o
 .rodata.format_str_v.str1.1
                0x000000000020bbe1       0x35 obj_zoul/strformat.o
                                         0x37 (size before relaxing)
 .rodata.str1.1
                0x000000000020bc16        0x5 obj_zoul/csma.o
 .rodata.iid_prefix
                0x000000000020bc1b        0x6 obj_zoul/uip-ds6.o
 .rodata.uiplib_ipaddr_snprint.str1.1
                0x000000000020bc21       0x28 obj_zoul/uiplib.o
                                         0x2a (size before relaxing)
 .rodata.str1.1
                0x000000000020bc49        0xd obj_zoul/tcpip.o
 .rodata        0x000000000020bc56        0x2 obj_zoul/sicslowpan.o
 .rodata.llprefix
                0x000000000020bc58        0x2 obj_zoul/sicslowpan.o
                0x000000000020bc58                llprefix
 .rodata.str1.1
                0x000000000020bc5a        0xb obj_zoul/sicslowpan.o
 .rodata.ttl_values
                0x000000000020bc65        0x4 obj_zoul/sicslowpan.o
 .rodata.unc_ctxconf
                0x000000000020bc69        0x4 obj_zoul/sicslowpan.o
                0x000000000020bc69                unc_ctxconf
 .rodata.unc_llconf
                0x000000000020bc6d        0x4 obj_zoul/sicslowpan.o
                0x000000000020bc6d                unc_llconf
 .rodata.unc_mxconf
                0x000000000020bc71        0x4 obj_zoul/sicslowpan.o
                0x000000000020bc71                unc_mxconf
 .rodata.rpl_dag_init_root.str1.1
                0x000000000020bc75        0xa obj_zoul/rpl-dag.o
 .rodata.rpl_dag_update_state.str1.1
                0x000000000020bc7f       0x31 obj_zoul/rpl-dag.o
 .rodata.rpl_global_repair.str1.1
                0x000000000020bcb0        0xe obj_zoul/rpl-dag.o
 .rodata.rpl_local_repair.str1.1
                0x000000000020bcbe        0xd obj_zoul/rpl-dag.o
 .rodata.rpl_process_dao_ack.str1.1
                0x000000000020bccb        0xa obj_zoul/rpl-dag.o
 .rodata.rpl_process_dio.str1.1
                0x000000000020bcd5       0x3a obj_zoul/rpl-dag.o
 .rodata.rpl_process_dis.str1.1
                0x000000000020bd0f        0xe obj_zoul/rpl-dag.o
 .rodata.handle_dao_timer.str1.1
                0x000000000020bd1d        0xc obj_zoul/rpl-timers.o
 .rodata.str1.1
                0x000000000020bd29        0x9 obj_zoul/rpl.o
 .rodata.str1.1
                0x000000000020bd32       0x16 sender.o
                0x000000000020bd48                _etext = .

.glue_7         0x000000000020bd48        0x0
 .glue_7        0x000000000020bd48        0x0 linker stubs

.glue_7t        0x000000000020bd48        0x0
 .glue_7t       0x000000000020bd48        0x0 linker stubs

.vfp11_veneer   0x000000000020bd48        0x0
 .vfp11_veneer  0x000000000020bd48        0x0 linker stubs

.v4_bx          0x000000000020bd48        0x0
 .v4_bx         0x000000000020bd48        0x0 linker stubs

.iplt           0x000000000020bd48        0x0
 .iplt          0x000000000020bd48        0x0 obj_zoul/startup-gcc.o

.socdata        0x0000000020004000       0x40
 *(SORT_BY_ALIGNMENT(.udma_channel_control_table))
 .udma_channel_control_table
                0x0000000020004000       0x40 obj_zoul/udma.o

.data           0x0000000020004040      0x218 load address 0x000000000020bd48
                0x0000000020004040                _data = .
 *(SORT_BY_ALIGNMENT(.data*))
 .data.button_hal_buttons
                0x0000000020004040        0x8 obj_zoul/board-buttons.o
                0x0000000020004040                button_hal_buttons
 .data.button_user
                0x0000000020004048       0x50 obj_zoul/board-buttons.o
 .data.sensors  0x0000000020004098        0xc obj_zoul/zoul-sensors.o
                0x0000000020004098                sensors
 .data.cc2538_rf_process
                0x00000000200040a4       0x10 obj_zoul/cc2538-rf.o
                0x00000000200040a4                cc2538_rf_process
 .data.ctimer_process
                0x00000000200040b4       0x10 obj_zoul/ctimer.o
                0x00000000200040b4                ctimer_process
 .data.curr_log_level_main
                0x00000000200040c4        0x4 obj_zoul/log.o
                0x00000000200040c4                curr_log_level_main
 .data.etimer_process
                0x00000000200040c8       0x10 obj_zoul/etimer.o
                0x00000000200040c8                etimer_process
 .data.stack_check_process
                0x00000000200040d8       0x10 obj_zoul/stack-check.o
                0x00000000200040d8                stack_check_process
 .data.button_hal_process
                0x00000000200040e8       0x10 obj_zoul/button-hal.o
                0x00000000200040e8                button_hal_process
 .data.serial_line_process
                0x00000000200040f8       0x10 obj_zoul/serial-line.o
                0x00000000200040f8                serial_line_process
 .data.sensors_process
                0x0000000020004108       0x10 obj_zoul/sensors.o
                0x0000000020004108                sensors_process
 .data.bufmem   0x0000000020004118        0xc obj_zoul/queuebuf.o
 .data.buframmem
                0x0000000020004124        0xc obj_zoul/queuebuf.o
 .data.neighbor_addr_mem
                0x0000000020004130        0xc obj_zoul/nbr-table.o
 .data.link_stats_struct
                0x000000002000413c       0x10 obj_zoul/link-stats.o
 .data.ctxt     0x000000002000414c        0x8 obj_zoul/printf.o
 .data.metadata_memb
                0x0000000020004154        0xc obj_zoul/csma-output.o
 .data.neighbor_memb
                0x0000000020004160        0xc obj_zoul/csma-output.o
 .data.packet_memb
                0x000000002000416c        0xc obj_zoul/csma-output.o
 .data.echo_reply_handler
                0x0000000020004178        0xc obj_zoul/uip-icmp6.o
 .data.echo_request_handler
                0x0000000020004184        0xc obj_zoul/uip-icmp6.o
 .data.nodememb
                0x0000000020004190        0xc obj_zoul/uip-sr.o
 .data.tcpip_process
                0x000000002000419c       0x10 obj_zoul/tcpip.o
                0x000000002000419c                tcpip_process
 .data.ds6_neighbors
                0x00000000200041ac        0x4 obj_zoul/uip-ds6-nbr.o
                0x00000000200041ac                ds6_neighbors
 .data.ds6_neighbors_struct
                0x00000000200041b0       0x10 obj_zoul/uip-ds6-nbr.o
 .data.ns_input_handler
                0x00000000200041c0        0xc obj_zoul/uip-nd6.o
 .data.defaultroutermemb
                0x00000000200041cc        0xc obj_zoul/uip-ds6-route.o
 .data.dao_ack_handler
                0x00000000200041d8        0xc obj_zoul/rpl-icmp6.o
 .data.dao_handler
                0x00000000200041e4        0xc obj_zoul/rpl-icmp6.o
 .data.dio_handler
                0x00000000200041f0        0xc obj_zoul/rpl-icmp6.o
 .data.dis_handler
                0x00000000200041fc        0xc obj_zoul/rpl-icmp6.o
 .data.rpl_neighbors
                0x0000000020004208        0x4 obj_zoul/rpl-neighbor.o
                0x0000000020004208                rpl_neighbors
 .data.rpl_neighbors_struct
                0x000000002000420c       0x10 obj_zoul/rpl-neighbor.o
 .data.rpl_mrhof
                0x000000002000421c       0x24 obj_zoul/rpl-mrhof.o
                0x000000002000421c                rpl_mrhof
 .data.MoteID   0x0000000020004240        0x4 sender.o
                0x0000000020004240                MoteID
 .data.sender_process
                0x0000000020004244       0x10 sender.o
                0x0000000020004244                sender_process
 .data.mac_pan_id
                0x0000000020004254        0x2 obj_zoul/frame802154.o
 .data.rf_channel
                0x0000000020004256        0x1 obj_zoul/cc2538-rf.o
 .data.send_on_cca
                0x0000000020004257        0x1 obj_zoul/cc2538-rf.o
                0x0000000020004258                _edata = .
                0x000000000020bd48                _ldata = LOADADDR (.data)

.igot.plt       0x0000000020004258        0x0 load address 0x000000000020bf60
 .igot.plt      0x0000000020004258        0x0 obj_zoul/startup-gcc.o

.ARM.exidx      0x000000000020bf60        0x8
 *(SORT_BY_ALIGNMENT(.ARM.exidx*))
 .ARM.exidx     0x000000000020bf60        0x8 /usr/bin/../lib/gcc/arm-none-eabi/7.3.1/thumb/v7-m/libgcc.a(_udivmoddi4.o)

.bss            0x0000000020004258     0x20d5
                0x0000000020004258                _bss = .
 *(SORT_BY_ALIGNMENT(.bss*))
 .bss.rt_ticks_epoch
                0x0000000020004258        0x8 obj_zoul/clock.o
 .bss.rt_ticks_startup
                0x0000000020004260        0x8 obj_zoul/clock.o
 .bss.next_trigger
                0x0000000020004268        0x4 obj_zoul/rtimer-arch.o
 .bss.input_handler
                0x000000002000426c        0x8 obj_zoul/uart.o
 .bss.ioc_over  0x0000000020004274        0x4 obj_zoul/ioc.o
 .bss.ioc_sel   0x0000000020004278        0x4 obj_zoul/ioc.o
 .bss.notification_process
                0x000000002000427c        0x4 obj_zoul/crypto.o
 .bss.periph_permit_pm1_funcs
                0x0000000020004280       0x14 obj_zoul/lpm.o
 .bss.notification_process
                0x0000000020004294        0x4 obj_zoul/pka.o
 .bss.ctimer_list_list
                0x0000000020004298        0x4 obj_zoul/ctimer.o
 .bss.next_expiration
                0x000000002000429c        0x4 obj_zoul/etimer.o
 .bss.timerlist
                0x00000000200042a0        0x4 obj_zoul/etimer.o
 .bss.events    0x00000000200042a4      0x180 obj_zoul/process.o
 .bss.process_current
                0x0000000020004424        0x4 obj_zoul/process.o
                0x0000000020004424                process_current
 .bss.process_list
                0x0000000020004428        0x4 obj_zoul/process.o
                0x0000000020004428                process_list
 .bss.next_rtimer
                0x000000002000442c        0x4 obj_zoul/rtimer.o
 .bss.et.5674   0x0000000020004430       0x10 obj_zoul/stack-check.o
 .bss.button_event_handler
                0x0000000020004440        0xc obj_zoul/button-hal.o
 .bss.pmask     0x000000002000444c        0x4 obj_zoul/button-hal.o
 .bss.ptr.5297  0x0000000020004450        0x4 obj_zoul/serial-line.o
 .bss.rxbuf     0x0000000020004454        0x8 obj_zoul/serial-line.o
 .bss.handlers_list
                0x000000002000445c        0x4 obj_zoul/gpio-hal.o
 .bss.events.5313
                0x0000000020004460        0x4 obj_zoul/sensors.o
 .bss.i.5312    0x0000000020004464        0x4 obj_zoul/sensors.o
 .bss.bufmem_memb_mem
                0x0000000020004468       0x20 obj_zoul/queuebuf.o
 .bss.all_tables
                0x0000000020004488       0x20 obj_zoul/nbr-table.o
 .bss.nbr_table_keys_list
                0x00000000200044a8        0x4 obj_zoul/nbr-table.o
 .bss.neighbor_addr_mem_memb_mem
                0x00000000200044ac       0x80 obj_zoul/nbr-table.o
 .bss.num_tables
                0x000000002000452c        0x4 obj_zoul/nbr-table.o
 .bss.packetbuf_aligned
                0x0000000020004530       0x80 obj_zoul/packetbuf.o
 .bss.ip_processor_list_list
                0x00000000200045b0        0x4 obj_zoul/netstack.o
 .bss._link_stats_mem
                0x00000000200045b4       0xc0 obj_zoul/link-stats.o
 .bss.received_seqnos
                0x0000000020004674       0xc0 obj_zoul/mac-sequence.o
 .bss.metadata_memb_memb_mem
                0x0000000020004734       0x60 obj_zoul/csma-output.o
 .bss.neighbor_list_list
                0x0000000020004794        0x4 obj_zoul/csma-output.o
 .bss.neighbor_memb_memb_mem
                0x0000000020004798       0x68 obj_zoul/csma-output.o
 .bss.packet_memb_memb_mem
                0x0000000020004800       0x60 obj_zoul/csma-output.o
 .bss.echo_reply_callback_list_list
                0x0000000020004860        0x4 obj_zoul/uip-icmp6.o
 .bss.input_handler_list_list
                0x0000000020004864        0x4 obj_zoul/uip-icmp6.o
 .bss.nodelist_list
                0x0000000020004868        0x4 obj_zoul/uip-sr.o
 .bss.nodememb_memb_mem
                0x000000002000486c      0x180 obj_zoul/uip-sr.o
 .bss.num_nodes
                0x00000000200049ec        0x4 obj_zoul/uip-sr.o
 .bss.locaddr   0x00000000200049f0        0x4 obj_zoul/uip-ds6.o
 .bss.locmaddr  0x00000000200049f4        0x4 obj_zoul/uip-ds6.o
 .bss.locprefix
                0x00000000200049f8        0x4 obj_zoul/uip-ds6.o
 .bss.periodic  0x00000000200049fc       0x10 obj_zoul/tcpip.o
 .bss.addr      0x0000000020004a0c        0x4 obj_zoul/uip-nd6.o
 .bss.nbr       0x0000000020004a10        0x4 obj_zoul/uip-nd6.o
 .bss.nd6_opt_llao
                0x0000000020004a14        0x4 obj_zoul/uip-nd6.o
 .bss.defaultrouterlist_list
                0x0000000020004a18        0x4 obj_zoul/uip-ds6-route.o
 .bss.defaultroutermemb_memb_mem
                0x0000000020004a1c       0x40 obj_zoul/uip-ds6-route.o
 .bss.callback  0x0000000020004a5c        0x4 obj_zoul/sicslowpan.o
 .bss.context   0x0000000020004a60        0x4 obj_zoul/sicslowpan.o
 .bss.frag_info
                0x0000000020004a64      0x158 obj_zoul/sicslowpan.o
 .bss.hc06_ptr  0x0000000020004bbc        0x4 obj_zoul/sicslowpan.o
 .bss.last_rssi
                0x0000000020004bc0        0x4 obj_zoul/sicslowpan.o
 .bss.last_tx_status
                0x0000000020004bc4        0x4 obj_zoul/sicslowpan.o
 .bss.mac_max_payload
                0x0000000020004bc8        0x4 obj_zoul/sicslowpan.o
 .bss.packetbuf_payload_len
                0x0000000020004bcc        0x4 obj_zoul/sicslowpan.o
 .bss.packetbuf_ptr
                0x0000000020004bd0        0x4 obj_zoul/sicslowpan.o
 .bss._rpl_neighbors_mem
                0x0000000020004bd4       0x80 obj_zoul/rpl-neighbor.o
 .bss.dis_timer
                0x0000000020004c54       0x20 obj_zoul/rpl-timers.o
 .bss.periodic_timer
                0x0000000020004c74       0x20 obj_zoul/rpl-timers.o
 .bss.num_parents
                0x0000000020004c94        0x4 obj_zoul/rpl-nbr-policy.o
 .bss.worst_rank_nbr_lladdr
                0x0000000020004c98        0x4 obj_zoul/rpl-nbr-policy.o
 .bss.node_id   0x0000000020004c9c        0x2 obj_zoul/node-id.o
                0x0000000020004c9c                node_id
 .bss.buframmem_memb_mem
                0x0000000020004c9e      0x500 obj_zoul/queuebuf.o
 .bss.buflen    0x000000002000519e        0x2 obj_zoul/packetbuf.o
 .bss.bufptr    0x00000000200051a0        0x2 obj_zoul/packetbuf.o
 .bss.uipbuf_attrs
                0x00000000200051a2        0xc obj_zoul/uipbuf.o
 .bss.tmp_ipaddr
                0x00000000200051ae       0x10 obj_zoul/uip-icmp6.o
 .bss.loc_fipaddr
                0x00000000200051be       0x10 obj_zoul/uip-ds6.o
 .bss.lastport  0x00000000200051ce        0x2 obj_zoul/uip6.o
 .bss._ds6_neighbors_mem
                0x00000000200051d0      0x120 obj_zoul/uip-ds6-nbr.o
 .bss.my_tag    0x00000000200052f0        0x2 obj_zoul/sicslowpan.o
 .bss.worst_rank
                0x00000000200052f2        0x2 obj_zoul/rpl-nbr-policy.o
 .bss.root_ipaddr.6865
                0x00000000200052f4       0x10 obj_zoul/rpl-dag-root.o
 .bss.initialized
                0x0000000020005304        0x1 obj_zoul/antenna-sw.o
 .bss.crc_corr  0x0000000020005305        0x1 obj_zoul/cc2538-rf.o
 .bss.poll_mode
                0x0000000020005306        0x1 obj_zoul/cc2538-rf.o
 .bss.rf_flags  0x0000000020005307        0x1 obj_zoul/cc2538-rf.o
 .bss.rssi      0x0000000020005308        0x1 obj_zoul/cc2538-rf.o
 .bss.max_pm    0x0000000020005309        0x1 obj_zoul/lpm.o
 .bss.initialized
                0x000000002000530a        0x1 obj_zoul/ctimer.o
 .bss.fevent    0x000000002000530b        0x1 obj_zoul/process.o
 .bss.lastevent
                0x000000002000530c        0x1 obj_zoul/process.o
 .bss.nevents   0x000000002000530d        0x1 obj_zoul/process.o
 .bss.poll_requested
                0x000000002000530e        0x1 obj_zoul/process.o
 .bss.buf.5296  0x000000002000530f       0x80 obj_zoul/serial-line.o
 .bss.overflow.5290
                0x000000002000538f        0x1 obj_zoul/serial-line.o
 .bss.rxbuf_data
                0x0000000020005390       0x80 obj_zoul/serial-line.o
 .bss.num_sensors
                0x0000000020005410        0x1 obj_zoul/sensors.o
 .bss.bufmem_memb_count
                0x0000000020005411        0x8 obj_zoul/queuebuf.o
 .bss.buframmem_memb_count
                0x0000000020005419        0x8 obj_zoul/queuebuf.o
 .bss.locked_map
                0x0000000020005421       0x10 obj_zoul/nbr-table.o
 .bss.neighbor_addr_mem_memb_count
                0x0000000020005431       0x10 obj_zoul/nbr-table.o
 .bss.used_map  0x0000000020005441       0x10 obj_zoul/nbr-table.o
 .bss.hdrlen    0x0000000020005451        0x1 obj_zoul/packetbuf.o
 .bss.initialized
                0x0000000020005452        0x1 obj_zoul/framer-802154.o
 .bss.mac_dsn   0x0000000020005453        0x1 obj_zoul/framer-802154.o
 .bss.initialized.6155
                0x0000000020005454        0x1 obj_zoul/csma-output.o
 .bss.metadata_memb_memb_count
                0x0000000020005455        0x8 obj_zoul/csma-output.o
 .bss.neighbor_memb_memb_count
                0x000000002000545d        0x2 obj_zoul/csma-output.o
 .bss.packet_memb_memb_count
                0x000000002000545f        0x8 obj_zoul/csma-output.o
 .bss.seqno.6156
                0x0000000020005467        0x1 obj_zoul/csma-output.o
 .bss.nodememb_memb_count
                0x0000000020005468       0x10 obj_zoul/uip-sr.o
 .bss.uip_ext_bitmap
                0x0000000020005478        0x1 obj_zoul/uip6.o
                0x0000000020005478                uip_ext_bitmap
 .bss.uip_ext_len
                0x0000000020005479        0x1 obj_zoul/uip6.o
                0x0000000020005479                uip_ext_len
 .bss.uip_ext_opt_offset
                0x000000002000547a        0x1 obj_zoul/uip6.o
                0x000000002000547a                uip_ext_opt_offset
 .bss.nd6_opt_offset
                0x000000002000547b        0x1 obj_zoul/uip-nd6.o
 .bss.defaultroutermemb_memb_count
                0x000000002000547c        0x2 obj_zoul/uip-ds6-route.o
 .bss.addr_contexts
                0x000000002000547e        0xa obj_zoul/sicslowpan.o
 .bss.curr_page
                0x0000000020005488        0x1 obj_zoul/sicslowpan.o
 .bss.frag_buf  0x0000000020005489      0x54c obj_zoul/sicslowpan.o
 .bss.packetbuf_hdr_len
                0x00000000200059d5        0x1 obj_zoul/sicslowpan.o
 .bss.uncomp_hdr_len
                0x00000000200059d6        0x1 obj_zoul/sicslowpan.o
 .bss.rpl_leaf_only
                0x00000000200059d7        0x1 obj_zoul/rpl.o
 .bss.initialized.6875
                0x00000000200059d8        0x1 obj_zoul/rpl-dag-root.o
 *(SORT_BY_ALIGNMENT(COMMON))
 *fill*         0x00000000200059d9        0x3 
 COMMON         0x00000000200059dc       0x20 obj_zoul/link-stats.o
                0x00000000200059dc                periodic_timer
 COMMON         0x00000000200059fc      0x174 obj_zoul/uip-ds6.o
                0x00000000200059fc                uip_ds6_timer_ra
                0x0000000020005a04                uip_ds6_if
                0x0000000020005afc                uip_ds6_netif_addr_list_offset
                0x0000000020005afd                uip_ds6_addr_size
                0x0000000020005b00                uip_ds6_prefix_list
                0x0000000020005b60                uip_ds6_timer_periodic
 COMMON         0x0000000020005b70      0x624 obj_zoul/uip6.o
                0x0000000020005b70                uip_len
                0x0000000020005b74                uip_sappdata
                0x0000000020005b78                uip_lladdr
                0x0000000020005b7c                uip_aligned_buf
                0x000000002000607c                uip_flags
                0x0000000020006080                uip_next_hdr
                0x0000000020006084                uip_udp_conn
                0x0000000020006088                uip_appdata
                0x000000002000608c                uip_conn
                0x0000000020006090                uip_slen
                0x0000000020006094                uip_udp_conns
 COMMON         0x0000000020006194      0x160 obj_zoul/rpl-dag.o
                0x0000000020006194                curr_instance
 COMMON         0x00000000200062f4       0x1e obj_zoul/packetbuf.o
                0x00000000200062f4                packetbuf_addrs
                0x00000000200062f8                packetbuf_attrs
 COMMON         0x0000000020006312        0x2 obj_zoul/linkaddr.o
                0x0000000020006312                linkaddr_node_addr
 COMMON         0x0000000020006314       0x10 obj_zoul/rpl.o
                0x0000000020006314                rpl_multicast_addr
 COMMON         0x0000000020006324        0x3 obj_zoul/zoul-sensors.o
                0x0000000020006324                sensors_flags
 COMMON         0x0000000020006327        0x3 obj_zoul/button-hal.o
                0x0000000020006327                button_hal_release_event
                0x0000000020006328                button_hal_periodic_event
                0x0000000020006329                button_hal_press_event
 COMMON         0x000000002000632a        0x1 obj_zoul/serial-line.o
                0x000000002000632a                serial_line_event_message
 COMMON         0x000000002000632b        0x1 obj_zoul/sensors.o
                0x000000002000632b                sensors_event
 COMMON         0x000000002000632c        0x1 obj_zoul/tcpip.o
                0x000000002000632c                tcpip_event
                0x000000002000632d                _ebss = .
                0x000000002000632d                _end = .
                0x000000002000632d                _stack = .

.stack          0x0000000020006330      0x800
 *(SORT_BY_ALIGNMENT(.stack))
 .stack         0x0000000020006330      0x800 obj_zoul/startup-gcc.o
                0x0000000020006b30                _stack_origin = .
                0x0000000020006b30                _heap = .
                0x0000000020008000                _eheap = (ORIGIN (FRSRAM) + LENGTH (FRSRAM))

.nrdata         0x0000000020000000        0x0
                0x0000000020000000                _nrdata = .
 *(SORT_BY_ALIGNMENT(.nrdata*))
                0x0000000020000000                _enrdata = .

.flashcca       0x000000000027ffd4       0x2c
 *(SORT_BY_ALIGNMENT(.flashcca))